MMMB ru baseline:   0%|                                 | 0/200 [00:00<?, ?it/s]
[DBG MMMB] ex=0  lang=ru  method=baseline
<PIL.Image.Image image mode=RGB size=512x452 at 0x7BE9918FBAD0>
  Q       : Обычно ли фрукт на картинке сладкий?
Options:
A. Да
B. Нет
C. 
D. 
Answer with only the correct option letter (A, B, C, or D).
  Model   : 'A'  →  predicted='A'
  Gold    : 'A'  |  ✓ CORRECT
MMMB ru baseline:   0%|▏                        | 1/200 [00:00<02:27,  1.35it/s]
[DBG MMMB] ex=1  lang=ru  method=baseline
<PIL.Image.Image image mode=RGB size=512x452 at 0x7BE9919DD310>
  Q       : Фрукт на картинке обычно острый?
Options:
A. Да
B. Нет
C. 
D. 
Answer with only the correct option letter (A, B, C, or D).
  Model   : 'A'  →  predicted='A'
  Gold    : 'B'  |  ✗ WRONG
MMMB ru baseline:   1%|▎                        | 2/200 [00:01<02:12,  1.49it/s]
[DBG MMMB] ex=2  lang=ru  method=baseline
<PIL.Image.Image image mode=RGB size=391x512 at 0x7BE990F279E0>
  Q       : Обычно в этом районе, который показан на картинке, много машин?
Options:
A. Да
B. Нет
C. 
D. 
Answer with only the correct option letter (A, B, C, or D).
  Model   : 'A'  →  predicted='A'
  Gold    : 'A'  |  ✓ CORRECT
MMMB ru baseline:   2%|▍                        | 3/200 [00:02<02:19,  1.42it/s]
[DBG MMMB] ex=3  lang=ru  method=baseline
<PIL.Image.Image image mode=RGB size=391x512 at 0x7BE991CA0DA0>
  Q       : Можно ли переходить дорогу прямо из места, показанного на картинке?
Options:
A. Да
B. Нет
C. 
D. 
Answer with only the correct option letter (A, B, C, or D).
  Model   : 'B'  →  predicted='B'
  Gold    : 'B'  |  ✓ CORRECT
MMMB ru baseline:   2%|▌                        | 4/200 [00:02<02:21,  1.38it/s]
[DBG MMMB] ex=4  lang=ru  method=baseline
<PIL.Image.Image image mode=RGB size=510x512 at 0x7BE990F25040>
  Q       : Животное на картинке обычно не видно зимой?
Options:
A. Да
B. Нет
C. 
D. 
Answer with only the correct option letter (A, B, C, or D).
  Model   : 'A'  →  predicted='A'
  Gold    : 'A'  |  ✓ CORRECT
MMMB ru baseline:   2%|▋                        | 5/200 [00:03<02:22,  1.37it/s]
[DBG MMMB] ex=5  lang=ru  method=baseline
<PIL.Image.Image image mode=RGB size=510x512 at 0x7BE934289040>
  Q       : Животное на картинке обычно встречается зимой?
Options:
A. Да
B. Нет
C. 
D. 
Answer with only the correct option letter (A, B, C, or D).
  Model   : 'A'  →  predicted='A'
  Gold    : 'B'  |  ✗ WRONG
MMMB ru baseline:   3%|▊                        | 6/200 [00:04<02:22,  1.36it/s]
[DBG MMMB] ex=6  lang=ru  method=baseline
<PIL.Image.Image image mode=RGB size=340x512 at 0x7BE990F268D0>
  Q       : Это блок-схема программы. Я ввожу 3 и 6. Выводится "Нет"?
Options:
A. Да
B. Нет
C. 
D. 
Answer with only the correct option letter (A, B, C, or D).
  Model   : 'B'  →  predicted='B'
  Gold    : 'A'  |  ✗ WRONG
MMMB ru baseline:   4%|▉                        | 7/200 [00:05<02:23,  1.35it/s]
[DBG MMMB] ex=7  lang=ru  method=baseline
<PIL.Image.Image image mode=RGB size=340x512 at 0x7BE990F24BF0>
  Q       : Это блок-схема программы. Я ввожу 3 и 6. Вывод будет 'Да'?
Options:
A. Да
B. Нет
C. 
D. 
Answer with only the correct option letter (A, B, C, or D).
  Model   : 'A'  →  predicted='A'
  Gold    : 'B'  |  ✗ WRONG
MMMB ru baseline:   4%|█                        | 8/200 [00:05<02:22,  1.35it/s]
[DBG MMMB] ex=8  lang=ru  method=baseline
<PIL.Image.Image image mode=RGB size=494x512 at 0x7BE934244620>
  Q       : На перекрестке есть знак, могу ли я повернуть налево?
Options:
A. Да
B. Нет
C. 
D. 
Answer with only the correct option letter (A, B, C, or D).
  Model   : 'B'  →  predicted='B'
  Gold    : 'A'  |  ✗ WRONG
MMMB ru baseline:   4%|█▏                       | 9/200 [00:06<02:22,  1.34it/s]
[DBG MMMB] ex=9  lang=ru  method=baseline
<PIL.Image.Image image mode=RGB size=494x512 at 0x7BE991940D10>
  Q       : На перекрестке есть знак, могу ли я повернуть направо?
Options:
A. Да
B. Нет
C. 
D. 
Answer with only the correct option letter (A, B, C, or D).
  Model   : 'B'  →  predicted='B'
  Gold    : 'B'  |  ✓ CORRECT
MMMB ru baseline:   5%|█▏                      | 10/200 [00:07<02:21,  1.35it/s]
[DBG MMMB] ex=10  lang=ru  method=baseline
<PIL.Image.Image image mode=RGB size=512x447 at 0x7BE991678DD0>
  Q       : Витамин С очень полезен для здоровья человека. Обычно ли пища на картинке содержит витамин С?
Options:
A. Да
B. Нет
C. 
D. 
Answer with only the correct option letter (A, B, C, or D).
  Model   : 'A'  →  predicted='A'
  Gold    : 'A'  |  ✓ CORRECT
MMMB ru baseline:   6%|█▎                      | 11/200 [00:08<02:21,  1.34it/s]
[DBG MMMB] ex=11  lang=ru  method=baseline
<PIL.Image.Image image mode=RGB size=512x447 at 0x7BE9918FAC00>
  Q       : Еда на картинке обычно используется для наращивания мышц?
Options:
A. Да
B. Нет
C. 
D. 
Answer with only the correct option letter (A, B, C, or D).
  Model   : 'A'  →  predicted='A'
  Gold    : 'B'  |  ✗ WRONG
MMMB ru baseline:   6%|█▍                      | 12/200 [00:08<02:20,  1.34it/s]
[DBG MMMB] ex=12  lang=ru  method=baseline
<PIL.Image.Image image mode=RGB size=512x505 at 0x7BE991B56C60>
  Q       : На картинке показаны все яблоки. Мой брат и я делим яблоки поровну. Могу я взять одно яблоко?
Options:
A. Да
B. Нет
C. 
D. 
Answer with only the correct option letter (A, B, C, or D).
  Model   : 'A'  →  predicted='A'
  Gold    : 'A'  |  ✓ CORRECT
MMMB ru baseline:   6%|█▌                      | 13/200 [00:09<02:19,  1.34it/s]
[DBG MMMB] ex=13  lang=ru  method=baseline
<PIL.Image.Image image mode=RGB size=512x505 at 0x7BE9B4FB22A0>
  Q       : На картинке показаны все яблоки. Мой брат и я делим яблоки поровну. Могу я взять два яблока?
Options:
A. Да
B. Нет
C. 
D. 
Answer with only the correct option letter (A, B, C, or D).
  Model   : 'A'  →  predicted='A'
  Gold    : 'B'  |  ✗ WRONG
MMMB ru baseline:   7%|█▋                      | 14/200 [00:10<02:18,  1.34it/s]
[DBG MMMB] ex=14  lang=ru  method=baseline
<PIL.Image.Image image mode=RGB size=385x512 at 0x7BE9919B9580>
  Q       : Вот фотография, где я ем фрукты. Это я ем клубнику?
Options:
A. Да
B. Нет
C. 
D. 
Answer with only the correct option letter (A, B, C, or D).
  Model   : 'A'  →  predicted='A'
  Gold    : 'A'  |  ✓ CORRECT
MMMB ru baseline:   8%|█▊                      | 15/200 [00:11<02:17,  1.35it/s]
[DBG MMMB] ex=15  lang=ru  method=baseline
<PIL.Image.Image image mode=RGB size=385x512 at 0x7BE9B4FB14C0>
  Q       : Вот фотография, где я ем фрукт. Это вишневый помидор у меня в руках?
Options:
A. Да
B. Нет
C. 
D. 
Answer with only the correct option letter (A, B, C, or D).
  Model   : 'A'  →  predicted='A'
  Gold    : 'B'  |  ✗ WRONG
MMMB ru baseline:   8%|█▉                      | 16/200 [00:11<02:17,  1.34it/s]
[DBG MMMB] ex=16  lang=ru  method=baseline
<PIL.Image.Image image mode=RGB size=428x512 at 0x7BE93414DBE0>
  Q       : Обычно ли у транспортного средства на картинке закрыты окна во время быстрой езды?
Options:
A. Да
B. Нет
C. 
D. 
Answer with only the correct option letter (A, B, C, or D).
  Model   : 'A'  →  predicted='A'
  Gold    : 'A'  |  ✓ CORRECT
MMMB ru baseline:   8%|██                      | 17/200 [00:12<02:16,  1.34it/s]
[DBG MMMB] ex=17  lang=ru  method=baseline
<PIL.Image.Image image mode=RGB size=428x512 at 0x7BE991267CB0>
  Q       : Обычно окна транспортного средства на картинке открыты во время быстрой езды?
Options:
A. Да
B. Нет
C. 
D. 
Answer with only the correct option letter (A, B, C, or D).
  Model   : 'A'  →  predicted='A'
  Gold    : 'B'  |  ✗ WRONG
MMMB ru baseline:   9%|██▏                     | 18/200 [00:13<02:16,  1.34it/s]
[DBG MMMB] ex=18  lang=ru  method=baseline
<PIL.Image.Image image mode=RGB size=481x512 at 0x7BE93414D7C0>
  Q       : Люди обычно используют предмет на картинке для макияжа в своей повседневной жизни?
Options:
A. Да
B. Нет
C. 
D. 
Answer with only the correct option letter (A, B, C, or D).
  Model   : 'A'  →  predicted='A'
  Gold    : 'A'  |  ✓ CORRECT
MMMB ru baseline:  10%|██▎                     | 19/200 [00:14<02:16,  1.33it/s]
[DBG MMMB] ex=19  lang=ru  method=baseline
<PIL.Image.Image image mode=RGB size=481x512 at 0x7BE991B56D20>
  Q       : Люди часто используют предмет на картинке для письма в повседневной жизни?
Options:
A. Да
B. Нет
C. 
D. 
Answer with only the correct option letter (A, B, C, or D).
  Model   : 'A'  →  predicted='A'
  Gold    : 'B'  |  ✗ WRONG
MMMB ru baseline:  10%|██▍                     | 20/200 [00:14<02:14,  1.34it/s]
[DBG MMMB] ex=20  lang=ru  method=baseline
<PIL.Image.Image image mode=RGB size=295x512 at 0x7BE93414CE00>
  Q       : Это блок-схема программы. Когда на входе 5, на выходе получится 6?
Options:
A. Да
B. Нет
C. 
D. 
Answer with only the correct option letter (A, B, C, or D).
  Model   : 'A'  →  predicted='A'
  Gold    : 'A'  |  ✓ CORRECT
MMMB ru baseline:  10%|██▌                     | 21/200 [00:15<02:13,  1.34it/s]
[DBG MMMB] ex=21  lang=ru  method=baseline
<PIL.Image.Image image mode=RGB size=295x512 at 0x7BE93414F7D0>
  Q       : Это блок-схема программы. Когда вводится число 6, будет ли результат 5?
Options:
A. Да
B. Нет
C. 
D. 
Answer with only the correct option letter (A, B, C, or D).
  Model   : 'A'  →  predicted='A'
  Gold    : 'B'  |  ✗ WRONG
MMMB ru baseline:  11%|██▋                     | 22/200 [00:16<02:12,  1.35it/s]
[DBG MMMB] ex=22  lang=ru  method=baseline
<PIL.Image.Image image mode=RGB size=510x512 at 0x7BE991B56D20>
  Q       : Я хочу похудеть. Еда на картинке подходит для этого?
Options:
A. Да
B. Нет
C. 
D. 
Answer with only the correct option letter (A, B, C, or D).
  Model   : 'A'  →  predicted='A'
  Gold    : 'A'  |  ✓ CORRECT
MMMB ru baseline:  12%|██▊                     | 23/200 [00:17<02:11,  1.35it/s]
[DBG MMMB] ex=23  lang=ru  method=baseline
<PIL.Image.Image image mode=RGB size=510x512 at 0x7BE93414E1E0>
  Q       : Я хочу набрать вес. Подходит ли еда на картинке для этого?
Options:
A. Да
B. Нет
C. 
D. 
Answer with only the correct option letter (A, B, C, or D).
  Model   : 'A'  →  predicted='A'
  Gold    : 'B'  |  ✗ WRONG
MMMB ru baseline:  12%|██▉                     | 24/200 [00:17<02:10,  1.35it/s]
[DBG MMMB] ex=24  lang=ru  method=baseline
<PIL.Image.Image image mode=RGB size=512x341 at 0x7BE93411E450>
  Q       : Машина на картинке собирается сделать правый поворот после проезда через прямой участок дороги?
Options:
A. Да
B. Нет
C. 
D. 
Answer with only the correct option letter (A, B, C, or D).
  Model   : 'A'  →  predicted='A'
  Gold    : 'A'  |  ✓ CORRECT
MMMB ru baseline:  12%|███                     | 25/200 [00:18<02:10,  1.34it/s]
[DBG MMMB] ex=25  lang=ru  method=baseline
<PIL.Image.Image image mode=RGB size=512x341 at 0x7BE9919407A0>
  Q       : Машина на картинке собирается совершить поворот налево после проезда через прямой участок дороги?
Options:
A. Да
B. Нет
C. 
D. 
Answer with only the correct option letter (A, B, C, or D).
  Model   : 'A'  →  predicted='A'
  Gold    : 'B'  |  ✗ WRONG
MMMB ru baseline:  13%|███                     | 26/200 [00:19<02:09,  1.34it/s]
[DBG MMMB] ex=26  lang=ru  method=baseline
<PIL.Image.Image image mode=RGB size=288x512 at 0x7BE934268140>
  Q       : Можно ли мне спросить, выживут ли растения на картинке в воде?
Options:
A. Да
B. Нет
C. 
D. 
Answer with only the correct option letter (A, B, C, or D).
  Model   : 'A'  →  predicted='A'
  Gold    : 'A'  |  ✓ CORRECT
MMMB ru baseline:  14%|███▏                    | 27/200 [00:20<02:08,  1.34it/s]
[DBG MMMB] ex=27  lang=ru  method=baseline
<PIL.Image.Image image mode=RGB size=288x512 at 0x7BE9912657C0>
  Q       : Могу ли я спросить, выживут ли растения на картинке в почве?
Options:
A. Да
B. Нет
C. 
D. 
Answer with only the correct option letter (A, B, C, or D).
  Model   : 'A'  →  predicted='A'
  Gold    : 'B'  |  ✗ WRONG
MMMB ru baseline:  14%|███▎                    | 28/200 [00:20<02:08,  1.34it/s]
[DBG MMMB] ex=28  lang=ru  method=baseline
<PIL.Image.Image image mode=RGB size=512x383 at 0x7BE93411CBF0>
  Q       : Мужчина на картинке ест. Он ест лапшу?
Options:
A. Да
B. Нет
C. 
D. 
Answer with only the correct option letter (A, B, C, or D).
  Model   : 'A'  →  predicted='A'
  Gold    : 'A'  |  ✓ CORRECT
MMMB ru baseline:  14%|███▍                    | 29/200 [00:21<02:07,  1.34it/s]
[DBG MMMB] ex=29  lang=ru  method=baseline
<PIL.Image.Image image mode=RGB size=512x383 at 0x7BE93414EB70>
  Q       : Мужчина на картинке ест. Он ест рис?
Options:
A. Да
B. Нет
C. 
D. 
Answer with only the correct option letter (A, B, C, or D).
  Model   : 'A'  →  predicted='A'
  Gold    : 'B'  |  ✗ WRONG
MMMB ru baseline:  15%|███▌                    | 30/200 [00:22<02:06,  1.34it/s]
[DBG MMMB] ex=30  lang=ru  method=baseline
<PIL.Image.Image image mode=RGB size=377x512 at 0x7BE935B641D0>
  Q       : Может ли предмет на картинке выдавать воду?
Options:
A. Да
B. Нет
C. 
D. 
Answer with only the correct option letter (A, B, C, or D).
  Model   : 'A'  →  predicted='A'
  Gold    : 'A'  |  ✓ CORRECT
MMMB ru baseline:  16%|███▋                    | 31/200 [00:23<02:06,  1.34it/s]
[DBG MMMB] ex=31  lang=ru  method=baseline
<PIL.Image.Image image mode=RGB size=377x512 at 0x7BE934103590>
  Q       : Можно ли использовать предмет на картинке для продувки воздуха?
Options:
A. Да
B. Нет
C. 
D. 
Answer with only the correct option letter (A, B, C, or D).
  Model   : 'A'  →  predicted='A'
  Gold    : 'B'  |  ✗ WRONG
MMMB ru baseline:  16%|███▊                    | 32/200 [00:23<02:05,  1.34it/s]
[DBG MMMB] ex=32  lang=ru  method=baseline
<PIL.Image.Image image mode=RGB size=512x503 at 0x7BE93411F350>
  Q       : Обычно ли транспортное средство на картинке движется быстрее лошади?
Options:
A. Да
B. Нет
C. 
D. 
Answer with only the correct option letter (A, B, C, or D).
  Model   : 'A'  →  predicted='A'
  Gold    : 'A'  |  ✓ CORRECT
MMMB ru baseline:  16%|███▉                    | 33/200 [00:24<02:04,  1.34it/s]
[DBG MMMB] ex=33  lang=ru  method=baseline
<PIL.Image.Image image mode=RGB size=512x503 at 0x7BE9919B8380>
  Q       : Обычно ли транспортное средство на картинке летает?
Options:
A. Да
B. Нет
C. 
D. 
Answer with only the correct option letter (A, B, C, or D).
  Model   : 'A'  →  predicted='A'
  Gold    : 'B'  |  ✗ WRONG
MMMB ru baseline:  17%|████                    | 34/200 [00:25<02:03,  1.34it/s]
[DBG MMMB] ex=34  lang=ru  method=baseline
<PIL.Image.Image image mode=RGB size=512x385 at 0x7BE935B8CDD0>
  Q       : Нельзя мне курить здесь?
Options:
A. Да
B. Нет
C. 
D. 
Answer with only the correct option letter (A, B, C, or D).
  Model   : 'B'  →  predicted='B'
  Gold    : 'A'  |  ✗ WRONG
MMMB ru baseline:  18%|████▏                   | 35/200 [00:25<01:56,  1.41it/s]
[DBG MMMB] ex=35  lang=ru  method=baseline
<PIL.Image.Image image mode=RGB size=512x385 at 0x7BE991264DA0>
  Q       : Можно мне здесь курить?
Options:
A. Да
B. Нет
C. 
D. 
Answer with only the correct option letter (A, B, C, or D).
  Model   : 'B'  →  predicted='B'
  Gold    : 'B'  |  ✓ CORRECT
MMMB ru baseline:  18%|████▎                   | 36/200 [00:26<01:52,  1.46it/s]
[DBG MMMB] ex=36  lang=ru  method=baseline
<PIL.Image.Image image mode=RGB size=512x401 at 0x7BE991265700>
  Q       : Эта круговая диаграмма показывает возрастное распределение в нашей компании. Доля людей в возрасте 30-50 лет составляет более 40%?
Options:
A. Да
B. Нет
C. 
D. 
Answer with only the correct option letter (A, B, C, or D).
  Model   : 'A'  →  predicted='A'
  Gold    : 'A'  |  ✓ CORRECT
MMMB ru baseline:  18%|████▍                   | 37/200 [00:27<01:54,  1.42it/s]
[DBG MMMB] ex=37  lang=ru  method=baseline
<PIL.Image.Image image mode=RGB size=512x401 at 0x7BE93413B4D0>
  Q       : Эта круговая диаграмма показывает возрастное распределение в нашей компании. Доля людей в возрасте 40-50 лет превышает 30%?
Options:
A. Да
B. Нет
C. 
D. 
Answer with only the correct option letter (A, B, C, or D).
  Model   : 'A'  →  predicted='A'
  Gold    : 'B'  |  ✗ WRONG
MMMB ru baseline:  19%|████▌                   | 38/200 [00:28<01:57,  1.38it/s]
[DBG MMMB] ex=38  lang=ru  method=baseline
<PIL.Image.Image image mode=RGB size=512x328 at 0x7BE935BA6B10>
  Q       : Это гистограмма продаж фруктов сегодня. Покупают ли мужчины арбузов больше, чем женщины бананов?
Options:
A. Да
B. Нет
C. 
D. 
Answer with only the correct option letter (A, B, C, or D).
  Model   : 'A'  →  predicted='A'
  Gold    : 'A'  |  ✓ CORRECT
MMMB ru baseline:  20%|████▋                   | 39/200 [00:28<01:57,  1.37it/s]
[DBG MMMB] ex=39  lang=ru  method=baseline
<PIL.Image.Image image mode=RGB size=512x328 at 0x7BE991264DA0>
  Q       : Это гистограмма продаж фруктов сегодня. Покупают ли мужчины персики чаще, чем женщины яблоки?
Options:
A. Да
B. Нет
C. 
D. 
Answer with only the correct option letter (A, B, C, or D).
  Model   : 'A'  →  predicted='A'
  Gold    : 'B'  |  ✗ WRONG
MMMB ru baseline:  20%|████▊                   | 40/200 [00:29<01:57,  1.36it/s]
[DBG MMMB] ex=40  lang=ru  method=baseline
<PIL.Image.Image image mode=RGB size=384x512 at 0x7BE934139850>
  Q       : Инструмент на картинке распространен в высотных зданиях?
Options:
A. Да
B. Нет
C. 
D. 
Answer with only the correct option letter (A, B, C, or D).
  Model   : 'A'  →  predicted='A'
  Gold    : 'A'  |  ✓ CORRECT
MMMB ru baseline:  20%|████▉                   | 41/200 [00:30<01:57,  1.36it/s]
[DBG MMMB] ex=41  lang=ru  method=baseline
<PIL.Image.Image image mode=RGB size=384x512 at 0x7BE935BA4680>
  Q       : В случае пожара, уместно ли выбрать инструмент на картинке, чтобы спуститься вниз?
Options:
A. Да
B. Нет
C. 
D. 
Answer with only the correct option letter (A, B, C, or D).
  Model   : 'A'  →  predicted='A'
  Gold    : 'B'  |  ✗ WRONG
MMMB ru baseline:  21%|█████                   | 42/200 [00:30<01:56,  1.35it/s]
[DBG MMMB] ex=42  lang=ru  method=baseline
<PIL.Image.Image image mode=RGB size=511x512 at 0x7BE935B44CB0>
  Q       : Сейчас за окном идет снег. Я хочу выйти на улицу. Подходит ли одевать одежду, которая на картинке?
Options:
A. Да
B. Нет
C. 
D. 
Answer with only the correct option letter (A, B, C, or D).
  Model   : 'A'  →  predicted='A'
  Gold    : 'A'  |  ✓ CORRECT
MMMB ru baseline:  22%|█████▏                  | 43/200 [00:31<01:56,  1.35it/s]
[DBG MMMB] ex=43  lang=ru  method=baseline
<PIL.Image.Image image mode=RGB size=511x512 at 0x7BE934138E90>
  Q       : На улице очень жарко. Я хочу выйти на улицу. Подходит ли надеть одежду, которая на картинке?
Options:
A. Да
B. Нет
C. 
D. 
Answer with only the correct option letter (A, B, C, or D).
  Model   : 'A'  →  predicted='A'
  Gold    : 'B'  |  ✗ WRONG
MMMB ru baseline:  22%|█████▎                  | 44/200 [00:32<01:56,  1.34it/s]
[DBG MMMB] ex=44  lang=ru  method=baseline
<PIL.Image.Image image mode=RGB size=512x510 at 0x7BE935B45430>
  Q       : Является ли животное на картинке подходящим в качестве домашнего питомца?
Options:
A. Да
B. Нет
C. 
D. 
Answer with only the correct option letter (A, B, C, or D).
  Model   : 'A'  →  predicted='A'
  Gold    : 'A'  |  ✓ CORRECT
MMMB ru baseline:  22%|█████▍                  | 45/200 [00:33<01:55,  1.34it/s]
[DBG MMMB] ex=45  lang=ru  method=baseline
<PIL.Image.Image image mode=RGB size=512x510 at 0x7BE934111130>
  Q       : Животное на фотографиях обычно сильнее взрослых тигров?
Options:
A. Да
B. Нет
C. 
D. 
Answer with only the correct option letter (A, B, C, or D).
  Model   : 'A'  →  predicted='A'
  Gold    : 'B'  |  ✗ WRONG
MMMB ru baseline:  23%|█████▌                  | 46/200 [00:33<01:54,  1.34it/s]
[DBG MMMB] ex=46  lang=ru  method=baseline
<PIL.Image.Image image mode=RGB size=511x512 at 0x7BE93413A300>
  Q       : Я хочу играть в баскетбол. Место на картинке - хороший выбор?
Options:
A. Да
B. Нет
C. 
D. 
Answer with only the correct option letter (A, B, C, or D).
  Model   : 'A'  →  predicted='A'
  Gold    : 'A'  |  ✓ CORRECT
MMMB ru baseline:  24%|█████▋                  | 47/200 [00:34<01:53,  1.34it/s]
[DBG MMMB] ex=47  lang=ru  method=baseline
<PIL.Image.Image image mode=RGB size=511x512 at 0x7BE93414D940>
  Q       : Я хочу играть в футбол. Хороший ли это выбор места для игры, что на картинке?
Options:
A. Да
B. Нет
C. 
D. 
Answer with only the correct option letter (A, B, C, or D).
  Model   : 'B'  →  predicted='B'
  Gold    : 'B'  |  ✓ CORRECT
MMMB ru baseline:  24%|█████▊                  | 48/200 [00:35<01:53,  1.34it/s]
[DBG MMMB] ex=48  lang=ru  method=baseline
<PIL.Image.Image image mode=RGB size=512x381 at 0x7BE9B4F162A0>
  Q       : Уместно ли носить пуховик в сезон, который изображён на картинке?
Options:
A. Да
B. Нет
C. 
D. 
Answer with only the correct option letter (A, B, C, or D).
  Model   : 'A'  →  predicted='A'
  Gold    : 'A'  |  ✓ CORRECT
MMMB ru baseline:  24%|█████▉                  | 49/200 [00:36<01:52,  1.34it/s]
[DBG MMMB] ex=49  lang=ru  method=baseline
<PIL.Image.Image image mode=RGB size=512x381 at 0x7BE93417AAB0>
  Q       : Уместно ли носить одежду с короткими рукавами в сезон, изображённый на картинке?
Options:
A. Да
B. Нет
C. 
D. 
Answer with only the correct option letter (A, B, C, or D).
  Model   : 'A'  →  predicted='A'
  Gold    : 'B'  |  ✗ WRONG
MMMB ru baseline:  25%|██████                  | 50/200 [00:36<01:51,  1.34it/s]
[DBG MMMB] ex=50  lang=ru  method=baseline
<PIL.Image.Image image mode=RGB size=512x255 at 0x7BE93417AFC0>
  Q       : Я хочу взять с собой одну вещь в дождливый день. Подходит ли вещь на картинке для этого?
Options:
A. Да
B. Нет
C. 
D. 
Answer with only the correct option letter (A, B, C, or D).
  Model   : 'A'  →  predicted='A'
  Gold    : 'A'  |  ✓ CORRECT
MMMB ru baseline:  26%|██████                  | 51/200 [00:37<01:51,  1.34it/s]
[DBG MMMB] ex=51  lang=ru  method=baseline
<PIL.Image.Image image mode=RGB size=512x255 at 0x7BE9341119A0>
  Q       : На улице идет дождь. Я в доме и мне не нужно выходить на улицу. Нужно ли мне пользоваться этим предметом, который на фотографии?
Options:
A. Да
B. Нет
C. 
D. 
Answer with only the correct option letter (A, B, C, or D).
  Model   : 'A'  →  predicted='A'
  Gold    : 'B'  |  ✗ WRONG
MMMB ru baseline:  26%|██████▏                 | 52/200 [00:38<01:50,  1.34it/s]
[DBG MMMB] ex=52  lang=ru  method=baseline
<PIL.Image.Image image mode=RGB size=382x512 at 0x7BE9B4F162A0>
  Q       : Мне очень жарко. Подходит ли инструмент на картинке для использования?
Options:
A. Да
B. Нет
C. 
D. 
Answer with only the correct option letter (A, B, C, or D).
  Model   : 'A'  →  predicted='A'
  Gold    : 'A'  |  ✓ CORRECT
MMMB ru baseline:  26%|██████▎                 | 53/200 [00:39<01:49,  1.34it/s]
[DBG MMMB] ex=53  lang=ru  method=baseline
<PIL.Image.Image image mode=RGB size=382x512 at 0x7BE93417BB30>
  Q       : Мне очень холодно. Инструмент на картинке подходит для использования?
Options:
A. Да
B. Нет
C. 
D. 
Answer with only the correct option letter (A, B, C, or D).
  Model   : 'A'  →  predicted='A'
  Gold    : 'B'  |  ✗ WRONG
MMMB ru baseline:  27%|██████▍                 | 54/200 [00:39<01:48,  1.34it/s]
[DBG MMMB] ex=54  lang=ru  method=baseline
<PIL.Image.Image image mode=RGB size=484x512 at 0x7BE9919DD460>
  Q       : Вредно ли слишком часто есть еду, изображенную на картинке?
Options:
A. Да
B. Нет
C. 
D. 
Answer with only the correct option letter (A, B, C, or D).
  Model   : 'A'  →  predicted='A'
  Gold    : 'A'  |  ✓ CORRECT
MMMB ru baseline:  28%|██████▌                 | 55/200 [00:40<01:47,  1.35it/s]
[DBG MMMB] ex=55  lang=ru  method=baseline
<PIL.Image.Image image mode=RGB size=484x512 at 0x7BE9341119A0>
  Q       : Еда на картинке обычно низкокалорийная?
Options:
A. Да
B. Нет
C. 
D. 
Answer with only the correct option letter (A, B, C, or D).
  Model   : 'A'  →  predicted='A'
  Gold    : 'B'  |  ✗ WRONG
MMMB ru baseline:  28%|██████▋                 | 56/200 [00:41<01:47,  1.34it/s]
[DBG MMMB] ex=56  lang=ru  method=baseline
<PIL.Image.Image image mode=RGB size=395x512 at 0x7BE9919A9940>
  Q       : Телефон на фото подключен к зарядному устройству?
Options:
A. Да
B. Нет
C. 
D. 
Answer with only the correct option letter (A, B, C, or D).
  Model   : 'A'  →  predicted='A'
  Gold    : 'A'  |  ✓ CORRECT
MMMB ru baseline:  28%|██████▊                 | 57/200 [00:42<01:46,  1.35it/s]
[DBG MMMB] ex=57  lang=ru  method=baseline
<PIL.Image.Image image mode=RGB size=395x512 at 0x7BE9919A8050>
  Q       : Телефон на фото заряжается?
Options:
A. Да
B. Нет
C. 
D. 
Answer with only the correct option letter (A, B, C, or D).
  Model   : 'A'  →  predicted='A'
  Gold    : 'B'  |  ✗ WRONG
MMMB ru baseline:  29%|██████▉                 | 58/200 [00:42<01:40,  1.41it/s]
[DBG MMMB] ex=58  lang=ru  method=baseline
<PIL.Image.Image image mode=RGB size=386x512 at 0x7BE934179910>
  Q       : Я хочу закрутить винт. Инструмент на картинке обычно подходит для этого?
Options:
A. Да
B. Нет
C. 
D. 
Answer with only the correct option letter (A, B, C, or D).
  Model   : 'A'  →  predicted='A'
  Gold    : 'A'  |  ✓ CORRECT
MMMB ru baseline:  30%|███████                 | 59/200 [00:43<01:41,  1.39it/s]
[DBG MMMB] ex=59  lang=ru  method=baseline
<PIL.Image.Image image mode=RGB size=386x512 at 0x7BE9B4EDA7E0>
  Q       : Инструмент на картинке обычно подходит для разгрызания грецких орехов?
Options:
A. Да
B. Нет
C. 
D. 
Answer with only the correct option letter (A, B, C, or D).
  Model   : 'A'  →  predicted='A'
  Gold    : 'B'  |  ✗ WRONG
MMMB ru baseline:  30%|███████▏                | 60/200 [00:44<01:42,  1.37it/s]
[DBG MMMB] ex=60  lang=ru  method=baseline
<PIL.Image.Image image mode=RGB size=512x281 at 0x7BE9341119A0>
  Q       : Есть ли поезд на картинке?
Options:
A. Да
B. Нет
C. 
D. 
Answer with only the correct option letter (A, B, C, or D).
  Model   : 'A'  →  predicted='A'
  Gold    : 'A'  |  ✓ CORRECT
MMMB ru baseline:  30%|███████▎                | 61/200 [00:44<01:36,  1.43it/s]
[DBG MMMB] ex=61  lang=ru  method=baseline
<PIL.Image.Image image mode=RGB size=512x281 at 0x7BE9919A8410>
  Q       : На картинке изображено два поезда?
Options:
A. Да
B. Нет
C. 
D. 
Answer with only the correct option letter (A, B, C, or D).
  Model   : 'A'  →  predicted='A'
  Gold    : 'B'  |  ✗ WRONG
MMMB ru baseline:  31%|███████▍                | 62/200 [00:45<01:33,  1.48it/s]
[DBG MMMB] ex=62  lang=ru  method=baseline
<PIL.Image.Image image mode=RGB size=512x340 at 0x7BE93413A720>
  Q       : На изображении всего два человека?
Options:
A. Да
B. Нет
C. 
D. 
Answer with only the correct option letter (A, B, C, or D).
  Model   : 'A'  →  predicted='A'
  Gold    : 'A'  |  ✓ CORRECT
MMMB ru baseline:  32%|███████▌                | 63/200 [00:46<01:30,  1.52it/s]
[DBG MMMB] ex=63  lang=ru  method=baseline
<PIL.Image.Image image mode=RGB size=512x340 at 0x7BE934112B40>
  Q       : На изображении только один человек?
Options:
A. Да
B. Нет
C. 
D. 
Answer with only the correct option letter (A, B, C, or D).
  Model   : 'A'  →  predicted='A'
  Gold    : 'B'  |  ✗ WRONG
MMMB ru baseline:  32%|███████▋                | 64/200 [00:46<01:28,  1.53it/s]
[DBG MMMB] ex=64  lang=ru  method=baseline
<PIL.Image.Image image mode=RGB size=512x388 at 0x7BE9919405C0>
  Q       : На изображении только одна собака?
Options:
A. Да
B. Нет
C. 
D. 
Answer with only the correct option letter (A, B, C, or D).
  Model   : 'A'  →  predicted='A'
  Gold    : 'A'  |  ✓ CORRECT
MMMB ru baseline:  32%|███████▊                | 65/200 [00:47<01:26,  1.56it/s]
[DBG MMMB] ex=65  lang=ru  method=baseline
<PIL.Image.Image image mode=RGB size=512x388 at 0x7BE9341119A0>
  Q       : На изображении две собаки?
Options:
A. Да
B. Нет
C. 
D. 
Answer with only the correct option letter (A, B, C, or D).
  Model   : 'A'  →  predicted='A'
  Gold    : 'B'  |  ✗ WRONG
MMMB ru baseline:  33%|███████▉                | 66/200 [00:48<01:25,  1.57it/s]
[DBG MMMB] ex=66  lang=ru  method=baseline
<PIL.Image.Image image mode=RGB size=512x341 at 0x7BE991CD3B60>
  Q       : На изображении всего две собаки?
Options:
A. Да
B. Нет
C. 
D. 
Answer with only the correct option letter (A, B, C, or D).
  Model   : 'A'  →  predicted='A'
  Gold    : 'A'  |  ✓ CORRECT
MMMB ru baseline:  34%|████████                | 67/200 [00:48<01:24,  1.58it/s]
[DBG MMMB] ex=67  lang=ru  method=baseline
<PIL.Image.Image image mode=RGB size=512x341 at 0x7BE9B4FB5760>
  Q       : На изображении только одна собака?
Options:
A. Да
B. Нет
C. 
D. 
Answer with only the correct option letter (A, B, C, or D).
  Model   : 'A'  →  predicted='A'
  Gold    : 'B'  |  ✗ WRONG
MMMB ru baseline:  34%|████████▏               | 68/200 [00:49<01:23,  1.59it/s]
[DBG MMMB] ex=68  lang=ru  method=baseline
<PIL.Image.Image image mode=RGB size=512x342 at 0x7BE9B4FB4F20>
  Q       : На картинке три ноутбука?
Options:
A. Да
B. Нет
C. 
D. 
Answer with only the correct option letter (A, B, C, or D).
  Model   : 'A'  →  predicted='A'
  Gold    : 'A'  |  ✓ CORRECT
MMMB ru baseline:  34%|████████▎               | 69/200 [00:49<01:22,  1.59it/s]
[DBG MMMB] ex=69  lang=ru  method=baseline
<PIL.Image.Image image mode=RGB size=512x342 at 0x7BE99197AFC0>
  Q       : На картинке четыре ноутбука?
Options:
A. Да
B. Нет
C. 
D. 
Answer with only the correct option letter (A, B, C, or D).
  Model   : 'A'  →  predicted='A'
  Gold    : 'B'  |  ✗ WRONG
MMMB ru baseline:  35%|████████▍               | 70/200 [00:50<01:21,  1.59it/s]
[DBG MMMB] ex=70  lang=ru  method=baseline
<PIL.Image.Image image mode=RGB size=512x342 at 0x7BE991A456A0>
  Q       : На изображении всего два устройства отображения?
Options:
A. Да
B. Нет
C. 
D. 
Answer with only the correct option letter (A, B, C, or D).
  Model   : 'A'  →  predicted='A'
  Gold    : 'A'  |  ✓ CORRECT
MMMB ru baseline:  36%|████████▌               | 71/200 [00:51<01:20,  1.60it/s]
[DBG MMMB] ex=71  lang=ru  method=baseline
<PIL.Image.Image image mode=RGB size=512x342 at 0x7BE9B4FB41D0>
  Q       : В изображении только одно устройство отображения?
Options:
A. Да
B. Нет
C. 
D. 
Answer with only the correct option letter (A, B, C, or D).
  Model   : 'A'  →  predicted='A'
  Gold    : 'B'  |  ✗ WRONG
MMMB ru baseline:  36%|████████▋               | 72/200 [00:51<01:20,  1.60it/s]
[DBG MMMB] ex=72  lang=ru  method=baseline
<PIL.Image.Image image mode=RGB size=512x384 at 0x7BE93414D280>
  Q       : На изображении два банана?
Options:
A. Да
B. Нет
C. 
D. 
Answer with only the correct option letter (A, B, C, or D).
  Model   : 'A'  →  predicted='A'
  Gold    : 'A'  |  ✓ CORRECT
MMMB ru baseline:  36%|████████▊               | 73/200 [00:52<01:19,  1.60it/s]
[DBG MMMB] ex=73  lang=ru  method=baseline
<PIL.Image.Image image mode=RGB size=512x384 at 0x7BE934150A40>
  Q       : На изображении три банана?
Options:
A. Да
B. Нет
C. 
D. 
Answer with only the correct option letter (A, B, C, or D).
  Model   : 'A'  →  predicted='A'
  Gold    : 'B'  |  ✗ WRONG
MMMB ru baseline:  37%|████████▉               | 74/200 [00:53<01:18,  1.60it/s]
[DBG MMMB] ex=74  lang=ru  method=baseline
<PIL.Image.Image image mode=RGB size=512x381 at 0x7BE991A47A70>
  Q       : На этом изображении две жирафы?
Options:
A. Да
B. Нет
C. 
D. 
Answer with only the correct option letter (A, B, C, or D).
  Model   : 'A'  →  predicted='A'
  Gold    : 'A'  |  ✓ CORRECT
MMMB ru baseline:  38%|█████████               | 75/200 [00:53<01:18,  1.60it/s]
[DBG MMMB] ex=75  lang=ru  method=baseline
<PIL.Image.Image image mode=RGB size=512x381 at 0x7BE934179C40>
  Q       : На этой картинке три жирафа?
Options:
A. Да
B. Нет
C. 
D. 
Answer with only the correct option letter (A, B, C, or D).
  Model   : 'A'  →  predicted='A'
  Gold    : 'B'  |  ✗ WRONG
MMMB ru baseline:  38%|█████████               | 76/200 [00:54<01:17,  1.60it/s]
[DBG MMMB] ex=76  lang=ru  method=baseline
<PIL.Image.Image image mode=RGB size=512x342 at 0x7BE991A68290>
  Q       : На этом изображении появляются четыре человека?
Options:
A. Да
B. Нет
C. 
D. 
Answer with only the correct option letter (A, B, C, or D).
  Model   : 'A'  →  predicted='A'
  Gold    : 'A'  |  ✓ CORRECT
MMMB ru baseline:  38%|█████████▏              | 77/200 [00:54<01:16,  1.60it/s]
[DBG MMMB] ex=77  lang=ru  method=baseline
<PIL.Image.Image image mode=RGB size=512x342 at 0x7BE991265160>
  Q       : На этом изображении видны только три человека?
Options:
A. Да
B. Нет
C. 
D. 
Answer with only the correct option letter (A, B, C, or D).
  Model   : 'A'  →  predicted='A'
  Gold    : 'B'  |  ✗ WRONG
MMMB ru baseline:  39%|█████████▎              | 78/200 [00:55<01:16,  1.60it/s]
[DBG MMMB] ex=78  lang=ru  method=baseline
<PIL.Image.Image image mode=RGB size=512x342 at 0x7BE9B55B3320>
  Q       : На этом изображении всего три торта?
Options:
A. Да
B. Нет
C. 
D. 
Answer with only the correct option letter (A, B, C, or D).
  Model   : 'A'  →  predicted='A'
  Gold    : 'A'  |  ✓ CORRECT
MMMB ru baseline:  40%|█████████▍              | 79/200 [00:56<01:15,  1.60it/s]
[DBG MMMB] ex=79  lang=ru  method=baseline
<PIL.Image.Image image mode=RGB size=512x342 at 0x7BE991A0D520>
  Q       : На этом изображении всего два торта?
Options:
A. Да
B. Нет
C. 
D. 
Answer with only the correct option letter (A, B, C, or D).
  Model   : 'A'  →  predicted='A'
  Gold    : 'B'  |  ✗ WRONG
MMMB ru baseline:  40%|█████████▌              | 80/200 [00:56<01:14,  1.60it/s]
[DBG MMMB] ex=80  lang=ru  method=baseline
<PIL.Image.Image image mode=RGB size=512x384 at 0x7BE9342A8740>
  Q       : На изображении видны два человека?
Options:
A. Да
B. Нет
C. 
D. 
Answer with only the correct option letter (A, B, C, or D).
  Model   : 'A'  →  predicted='A'
  Gold    : 'A'  |  ✓ CORRECT
MMMB ru baseline:  40%|█████████▋              | 81/200 [00:57<01:14,  1.60it/s]
[DBG MMMB] ex=81  lang=ru  method=baseline
<PIL.Image.Image image mode=RGB size=512x384 at 0x7BE991A0C230>
  Q       : На изображении виден только один человек?
Options:
A. Да
B. Нет
C. 
D. 
Answer with only the correct option letter (A, B, C, or D).
  Model   : 'A'  →  predicted='A'
  Gold    : 'B'  |  ✗ WRONG
MMMB ru baseline:  41%|█████████▊              | 82/200 [00:58<01:13,  1.60it/s]
[DBG MMMB] ex=82  lang=ru  method=baseline
<PIL.Image.Image image mode=RGB size=512x512 at 0x7BE93414F440>
  Q       : На этом изображении только одна миска?
Options:
A. Да
B. Нет
C. 
D. 
Answer with only the correct option letter (A, B, C, or D).
  Model   : 'A'  →  predicted='A'
  Gold    : 'A'  |  ✓ CORRECT
MMMB ru baseline:  42%|█████████▉              | 83/200 [00:58<01:13,  1.60it/s]
[DBG MMMB] ex=83  lang=ru  method=baseline
<PIL.Image.Image image mode=RGB size=512x512 at 0x7BE9342AB110>
  Q       : На этом изображении есть две миски?
Options:
A. Да
B. Нет
C. 
D. 
Answer with only the correct option letter (A, B, C, or D).
  Model   : 'A'  →  predicted='A'
  Gold    : 'B'  |  ✗ WRONG
MMMB ru baseline:  42%|██████████              | 84/200 [00:59<01:12,  1.59it/s]
[DBG MMMB] ex=84  lang=ru  method=baseline
<PIL.Image.Image image mode=RGB size=512x384 at 0x7BE991A0E8A0>
  Q       : В этом изображении появляются три человека?
Options:
A. Да
B. Нет
C. 
D. 
Answer with only the correct option letter (A, B, C, or D).
  Model   : 'A'  →  predicted='A'
  Gold    : 'A'  |  ✓ CORRECT
MMMB ru baseline:  42%|██████████▏             | 85/200 [00:59<01:12,  1.59it/s]
[DBG MMMB] ex=85  lang=ru  method=baseline
<PIL.Image.Image image mode=RGB size=512x384 at 0x7BE991CD10A0>
  Q       : На этом изображении видны только два человека?
Options:
A. Да
B. Нет
C. 
D. 
Answer with only the correct option letter (A, B, C, or D).
  Model   : 'A'  →  predicted='A'
  Gold    : 'B'  |  ✗ WRONG
MMMB ru baseline:  43%|██████████▎             | 86/200 [01:00<01:11,  1.59it/s]
[DBG MMMB] ex=86  lang=ru  method=baseline
<PIL.Image.Image image mode=RGB size=512x512 at 0x7BE9919A9CA0>
  Q       : На этом изображении есть две миски?
Options:
A. Да
B. Нет
C. 
D. 
Answer with only the correct option letter (A, B, C, or D).
  Model   : 'A'  →  predicted='A'
  Gold    : 'A'  |  ✓ CORRECT
MMMB ru baseline:  44%|██████████▍             | 87/200 [01:01<01:10,  1.59it/s]
[DBG MMMB] ex=87  lang=ru  method=baseline
<PIL.Image.Image image mode=RGB size=512x512 at 0x7BE991CD10A0>
  Q       : На этом изображении три миски?
Options:
A. Да
B. Нет
C. 
D. 
Answer with only the correct option letter (A, B, C, or D).
  Model   : 'A'  →  predicted='A'
  Gold    : 'B'  |  ✗ WRONG
MMMB ru baseline:  44%|██████████▌             | 88/200 [01:01<01:10,  1.59it/s]
[DBG MMMB] ex=88  lang=ru  method=baseline
<PIL.Image.Image image mode=RGB size=500x455 at 0x7BE93417B920>
  Q       : На этом изображении четыре человека?
Options:
A. Да
B. Нет
C. 
D. 
Answer with only the correct option letter (A, B, C, or D).
  Model   : 'A'  →  predicted='A'
  Gold    : 'A'  |  ✓ CORRECT
MMMB ru baseline:  44%|██████████▋             | 89/200 [01:02<01:10,  1.58it/s]
[DBG MMMB] ex=89  lang=ru  method=baseline
<PIL.Image.Image image mode=RGB size=500x455 at 0x7BE9919A2AB0>
  Q       : На этом изображении пять человек?
Options:
A. Да
B. Нет
C. 
D. 
Answer with only the correct option letter (A, B, C, or D).
  Model   : 'A'  →  predicted='A'
  Gold    : 'B'  |  ✗ WRONG
MMMB ru baseline:  45%|██████████▊             | 90/200 [01:03<01:09,  1.59it/s]
[DBG MMMB] ex=90  lang=ru  method=baseline
<PIL.Image.Image image mode=RGB size=512x341 at 0x7BE991CD0EF0>
  Q       : Появляются ли на этом изображении четыре собаки?
Options:
A. Да
B. Нет
C. 
D. 
Answer with only the correct option letter (A, B, C, or D).
  Model   : 'A'  →  predicted='A'
  Gold    : 'A'  |  ✓ CORRECT
MMMB ru baseline:  46%|██████████▉             | 91/200 [01:03<01:12,  1.50it/s]
[DBG MMMB] ex=91  lang=ru  method=baseline
<PIL.Image.Image image mode=RGB size=512x341 at 0x7BE991B0E7E0>
  Q       : На этом изображении видно только три собаки?
Options:
A. Да
B. Нет
C. 
D. 
Answer with only the correct option letter (A, B, C, or D).
  Model   : 'A'  →  predicted='A'
  Gold    : 'B'  |  ✗ WRONG
MMMB ru baseline:  46%|███████████             | 92/200 [01:04<01:10,  1.53it/s]
[DBG MMMB] ex=92  lang=ru  method=baseline
<PIL.Image.Image image mode=RGB size=500x334 at 0x7BE93417B920>
  Q       : На картинке только один корабль?
Options:
A. Да
B. Нет
C. 
D. 
Answer with only the correct option letter (A, B, C, or D).
  Model   : 'A'  →  predicted='A'
  Gold    : 'A'  |  ✓ CORRECT
MMMB ru baseline:  46%|███████████▏            | 93/200 [01:05<01:08,  1.55it/s]
[DBG MMMB] ex=93  lang=ru  method=baseline
<PIL.Image.Image image mode=RGB size=500x334 at 0x7BE991A4D220>
  Q       : На картинке изображено всего два корабля?
Options:
A. Да
B. Нет
C. 
D. 
Answer with only the correct option letter (A, B, C, or D).
  Model   : 'A'  →  predicted='A'
  Gold    : 'B'  |  ✗ WRONG
MMMB ru baseline:  47%|███████████▎            | 94/200 [01:05<01:07,  1.57it/s]
[DBG MMMB] ex=94  lang=ru  method=baseline
<PIL.Image.Image image mode=RGB size=358x512 at 0x7BE991B0F1D0>
  Q       : На этой картинке нет людей?
Options:
A. Да
B. Нет
C. 
D. 
Answer with only the correct option letter (A, B, C, or D).
  Model   : 'B'  →  predicted='B'
  Gold    : 'A'  |  ✗ WRONG
MMMB ru baseline:  48%|███████████▍            | 95/200 [01:06<01:06,  1.58it/s]
[DBG MMMB] ex=95  lang=ru  method=baseline
<PIL.Image.Image image mode=RGB size=358x512 at 0x7BE991A46420>
  Q       : На этом изображении два человека?
Options:
A. Да
B. Нет
C. 
D. 
Answer with only the correct option letter (A, B, C, or D).
  Model   : 'A'  →  predicted='A'
  Gold    : 'B'  |  ✗ WRONG
MMMB ru baseline:  48%|███████████▌            | 96/200 [01:06<01:05,  1.58it/s]
[DBG MMMB] ex=96  lang=ru  method=baseline
<PIL.Image.Image image mode=RGB size=512x384 at 0x7BE991B567E0>
  Q       : Есть ли собака на картинке?
Options:
A. Да
B. Нет
C. 
D. 
Answer with only the correct option letter (A, B, C, or D).
  Model   : 'A'  →  predicted='A'
  Gold    : 'A'  |  ✓ CORRECT
MMMB ru baseline:  48%|███████████▋            | 97/200 [01:07<01:04,  1.59it/s]
[DBG MMMB] ex=97  lang=ru  method=baseline
<PIL.Image.Image image mode=RGB size=512x384 at 0x7BE9919A0500>
  Q       : На картинке всего две собаки?
Options:
A. Да
B. Нет
C. 
D. 
Answer with only the correct option letter (A, B, C, or D).
  Model   : 'A'  →  predicted='A'
  Gold    : 'B'  |  ✗ WRONG
MMMB ru baseline:  49%|███████████▊            | 98/200 [01:08<01:04,  1.59it/s]
[DBG MMMB] ex=98  lang=ru  method=baseline
<PIL.Image.Image image mode=RGB size=512x378 at 0x7BE9919AB800>
  Q       : На этом изображении есть три пульта?
Options:
A. Да
B. Нет
C. 
D. 
Answer with only the correct option letter (A, B, C, or D).
  Model   : 'A'  →  predicted='A'
  Gold    : 'A'  |  ✓ CORRECT
MMMB ru baseline:  50%|███████████▉            | 99/200 [01:08<01:03,  1.60it/s]
[DBG MMMB] ex=99  lang=ru  method=baseline
<PIL.Image.Image image mode=RGB size=512x378 at 0x7BE991A4C410>
  Q       : На этом изображении только два пульта?
Options:
A. Да
B. Нет
C. 
D. 
Answer with only the correct option letter (A, B, C, or D).
  Model   : 'A'  →  predicted='A'
  Gold    : 'B'  |  ✗ WRONG
MMMB ru baseline:  50%|███████████▌           | 100/200 [01:09<01:02,  1.60it/s]
[DBG MMMB] ex=100  lang=ru  method=baseline
<PIL.Image.Image image mode=RGB size=512x337 at 0x7BE991A39A90>
  Q       : Это изображение описывает место сборочной линии?
Options:
A. Да
B. Нет
C. 
D. 
Answer with only the correct option letter (A, B, C, or D).
  Model   : 'A'  →  predicted='A'
  Gold    : 'A'  |  ✓ CORRECT
MMMB ru baseline:  50%|███████████▌           | 101/200 [01:10<01:05,  1.51it/s]
[DBG MMMB] ex=101  lang=ru  method=baseline
<PIL.Image.Image image mode=RGB size=512x337 at 0x7BE991B54FB0>
  Q       : Это изображение описывает пивной сад?
Options:
A. Да
B. Нет
C. 
D. 
Answer with only the correct option letter (A, B, C, or D).
  Model   : 'A'  →  predicted='A'
  Gold    : 'B'  |  ✗ WRONG
MMMB ru baseline:  51%|███████████▋           | 102/200 [01:10<01:07,  1.46it/s]
[DBG MMMB] ex=102  lang=ru  method=baseline
<PIL.Image.Image image mode=RGB size=512x397 at 0x7BE99197A360>
  Q       : Это изображение описывает место для кемпинга?
Options:
A. Да
B. Нет
C. 
D. 
Answer with only the correct option letter (A, B, C, or D).
  Model   : 'A'  →  predicted='A'
  Gold    : 'A'  |  ✓ CORRECT
MMMB ru baseline:  52%|███████████▊           | 103/200 [01:11<01:08,  1.42it/s]
[DBG MMMB] ex=103  lang=ru  method=baseline
<PIL.Image.Image image mode=RGB size=512x397 at 0x7BE991A4C410>
  Q       : Это изображение описывает место лифтового шахта?
Options:
A. Да
B. Нет
C. 
D. 
Answer with only the correct option letter (A, B, C, or D).
  Model   : 'A'  →  predicted='A'
  Gold    : 'B'  |  ✗ WRONG
MMMB ru baseline:  52%|███████████▉           | 104/200 [01:12<01:08,  1.40it/s]
[DBG MMMB] ex=104  lang=ru  method=baseline
<PIL.Image.Image image mode=RGB size=512x341 at 0x7BE991CD20C0>
  Q       : Это фото сделано внутри цветочного магазина?
Options:
A. Да
B. Нет
C. 
D. 
Answer with only the correct option letter (A, B, C, or D).
  Model   : 'A'  →  predicted='A'
  Gold    : 'A'  |  ✓ CORRECT
MMMB ru baseline:  52%|████████████           | 105/200 [01:13<01:08,  1.38it/s]
[DBG MMMB] ex=105  lang=ru  method=baseline
<PIL.Image.Image image mode=RGB size=512x341 at 0x7BE991EE5430>
  Q       : Это фото сделано в суши-баре?
Options:
A. Да
B. Нет
C. 
D. 
Answer with only the correct option letter (A, B, C, or D).
  Model   : 'A'  →  predicted='A'
  Gold    : 'B'  |  ✗ WRONG
MMMB ru baseline:  53%|████████████▏          | 106/200 [01:13<01:05,  1.44it/s]
[DBG MMMB] ex=106  lang=ru  method=baseline
<PIL.Image.Image image mode=RGB size=512x354 at 0x7BE991B0DA00>
  Q       : Описывает ли это изображение место ипподрома?
Options:
A. Да
B. Нет
C. 
D. 
Answer with only the correct option letter (A, B, C, or D).
  Model   : 'A'  →  predicted='A'
  Gold    : 'A'  |  ✓ CORRECT
MMMB ru baseline:  54%|████████████▎          | 107/200 [01:14<01:06,  1.41it/s]
[DBG MMMB] ex=107  lang=ru  method=baseline
<PIL.Image.Image image mode=RGB size=512x354 at 0x7BE991A0FAA0>
  Q       : Описывает ли это изображение камбуз?
Options:
A. Да
B. Нет
C. 
D. 
Answer with only the correct option letter (A, B, C, or D).
  Model   : 'A'  →  predicted='A'
  Gold    : 'B'  |  ✗ WRONG
MMMB ru baseline:  54%|████████████▍          | 108/200 [01:15<01:03,  1.46it/s]
[DBG MMMB] ex=108  lang=ru  method=baseline
<PIL.Image.Image image mode=RGB size=512x351 at 0x7BE934245850>
  Q       : Это фото сделано на открытом воздухе в месте для содержания собак?
Options:
A. Да
B. Нет
C. 
D. 
Answer with only the correct option letter (A, B, C, or D).
  Model   : 'A'  →  predicted='A'
  Gold    : 'A'  |  ✓ CORRECT
MMMB ru baseline:  55%|████████████▌          | 109/200 [01:15<01:04,  1.42it/s]
[DBG MMMB] ex=109  lang=ru  method=baseline
<PIL.Image.Image image mode=RGB size=512x351 at 0x7BE991F337A0>
  Q       : Это фото сделано в ванной комнате?
Options:
A. Да
B. Нет
C. 
D. 
Answer with only the correct option letter (A, B, C, or D).
  Model   : 'A'  →  predicted='A'
  Gold    : 'B'  |  ✗ WRONG
MMMB ru baseline:  55%|████████████▋          | 110/200 [01:16<01:01,  1.46it/s]
[DBG MMMB] ex=110  lang=ru  method=baseline
<PIL.Image.Image image mode=RGB size=512x384 at 0x7BE991F32CF0>
  Q       : Этот снимок сделан в салоне автобуса?
Options:
A. Да
B. Нет
C. 
D. 
Answer with only the correct option letter (A, B, C, or D).
  Model   : 'A'  →  predicted='A'
  Gold    : 'A'  |  ✓ CORRECT
MMMB ru baseline:  56%|████████████▊          | 111/200 [01:17<01:02,  1.42it/s]
[DBG MMMB] ex=111  lang=ru  method=baseline
<PIL.Image.Image image mode=RGB size=512x384 at 0x7BE991F1DAF0>
  Q       : Это фото сделано в поместье?
Options:
A. Да
B. Нет
C. 
D. 
Answer with only the correct option letter (A, B, C, or D).
  Model   : 'A'  →  predicted='A'
  Gold    : 'B'  |  ✗ WRONG
MMMB ru baseline:  56%|████████████▉          | 112/200 [01:17<00:59,  1.47it/s]
[DBG MMMB] ex=112  lang=ru  method=baseline
<PIL.Image.Image image mode=RGB size=347x512 at 0x7BE9919A2600>
  Q       : Описывает ли это изображение гримерную?
Options:
A. Да
B. Нет
C. 
D. 
Answer with only the correct option letter (A, B, C, or D).
  Model   : 'A'  →  predicted='A'
  Gold    : 'A'  |  ✓ CORRECT
MMMB ru baseline:  56%|████████████▉          | 113/200 [01:18<00:57,  1.50it/s]
[DBG MMMB] ex=113  lang=ru  method=baseline
<PIL.Image.Image image mode=RGB size=347x512 at 0x7BE9919BAB10>
  Q       : Это изображение описывает химическую лабораторию?
Options:
A. Да
B. Нет
C. 
D. 
Answer with only the correct option letter (A, B, C, or D).
  Model   : 'A'  →  predicted='A'
  Gold    : 'B'  |  ✗ WRONG
MMMB ru baseline:  57%|█████████████          | 114/200 [01:19<00:59,  1.45it/s]
[DBG MMMB] ex=114  lang=ru  method=baseline
<PIL.Image.Image image mode=RGB size=512x343 at 0x7BE991F30FB0>
  Q       : Это изображение описывает место ветрофермы?
Options:
A. Да
B. Нет
C. 
D. 
Answer with only the correct option letter (A, B, C, or D).
  Model   : 'A'  →  predicted='A'
  Gold    : 'A'  |  ✓ CORRECT
MMMB ru baseline:  57%|█████████████▏         | 115/200 [01:20<00:59,  1.42it/s]
[DBG MMMB] ex=115  lang=ru  method=baseline
<PIL.Image.Image image mode=RGB size=512x343 at 0x7BE991F33D70>
  Q       : Это изображение описывает место уличного волейбольного корта?
Options:
A. Да
B. Нет
C. 
D. 
Answer with only the correct option letter (A, B, C, or D).
  Model   : 'A'  →  predicted='A'
  Gold    : 'B'  |  ✗ WRONG
MMMB ru baseline:  58%|█████████████▎         | 116/200 [01:20<01:00,  1.39it/s]
[DBG MMMB] ex=116  lang=ru  method=baseline
<PIL.Image.Image image mode=RGB size=512x341 at 0x7BE991267A10>
  Q       : Это фото сделано на автомобильном заводе?
Options:
A. Да
B. Нет
C. 
D. 
Answer with only the correct option letter (A, B, C, or D).
  Model   : 'A'  →  predicted='A'
  Gold    : 'A'  |  ✓ CORRECT
MMMB ru baseline:  58%|█████████████▍         | 117/200 [01:21<00:57,  1.45it/s]
[DBG MMMB] ex=117  lang=ru  method=baseline
<PIL.Image.Image image mode=RGB size=512x341 at 0x7BE991F30FB0>
  Q       : Это фото сделано на деревянной ферме?
Options:
A. Да
B. Нет
C. 
D. 
Answer with only the correct option letter (A, B, C, or D).
  Model   : 'A'  →  predicted='A'
  Gold    : 'B'  |  ✗ WRONG
MMMB ru baseline:  59%|█████████████▌         | 118/200 [01:22<00:58,  1.41it/s]
[DBG MMMB] ex=118  lang=ru  method=baseline
<PIL.Image.Image image mode=RGB size=512x384 at 0x7BE9919A2300>
  Q       : Это фото сделано на пляже?
Options:
A. Да
B. Нет
C. 
D. 
Answer with only the correct option letter (A, B, C, or D).
  Model   : 'B'  →  predicted='B'
  Gold    : 'A'  |  ✗ WRONG
MMMB ru baseline:  60%|█████████████▋         | 119/200 [01:22<00:55,  1.46it/s]
[DBG MMMB] ex=119  lang=ru  method=baseline
<PIL.Image.Image image mode=RGB size=512x384 at 0x7BE991F31B80>
  Q       : Это фото сделано возле библиотеки на улице?
Options:
A. Да
B. Нет
C. 
D. 
Answer with only the correct option letter (A, B, C, or D).
  Model   : 'B'  →  predicted='B'
  Gold    : 'B'  |  ✓ CORRECT
MMMB ru baseline:  60%|█████████████▊         | 120/200 [01:23<00:56,  1.42it/s]
[DBG MMMB] ex=120  lang=ru  method=baseline
<PIL.Image.Image image mode=RGB size=512x341 at 0x7BE991EE6390>
  Q       : Это фото сделано в горах?
Options:
A. Да
B. Нет
C. 
D. 
Answer with only the correct option letter (A, B, C, or D).
  Model   : 'A'  →  predicted='A'
  Gold    : 'A'  |  ✓ CORRECT
MMMB ru baseline:  60%|█████████████▉         | 121/200 [01:24<00:53,  1.47it/s]
[DBG MMMB] ex=121  lang=ru  method=baseline
<PIL.Image.Image image mode=RGB size=512x341 at 0x7BE9918206B0>
  Q       : Это фото сделано в парке формального сада?
Options:
A. Да
B. Нет
C. 
D. 
Answer with only the correct option letter (A, B, C, or D).
  Model   : 'A'  →  predicted='A'
  Gold    : 'B'  |  ✗ WRONG
MMMB ru baseline:  61%|██████████████         | 122/200 [01:24<00:54,  1.43it/s]
[DBG MMMB] ex=122  lang=ru  method=baseline
<PIL.Image.Image image mode=RGB size=512x341 at 0x7BE991EE5880>
  Q       : Это изображение описывает павильон?
Options:
A. Да
B. Нет
C. 
D. 
Answer with only the correct option letter (A, B, C, or D).
  Model   : 'A'  →  predicted='A'
  Gold    : 'A'  |  ✓ CORRECT
MMMB ru baseline:  62%|██████████████▏        | 123/200 [01:25<00:52,  1.48it/s]
[DBG MMMB] ex=123  lang=ru  method=baseline
<PIL.Image.Image image mode=RGB size=512x341 at 0x7BE991821700>
  Q       : Это изображение описывает место для конюшни?
Options:
A. Да
B. Нет
C. 
D. 
Answer with only the correct option letter (A, B, C, or D).
  Model   : 'A'  →  predicted='A'
  Gold    : 'B'  |  ✗ WRONG
MMMB ru baseline:  62%|██████████████▎        | 124/200 [01:26<00:53,  1.43it/s]
[DBG MMMB] ex=124  lang=ru  method=baseline
<PIL.Image.Image image mode=RGB size=512x384 at 0x7BE991EF8140>
  Q       : Это изображение описывает дом на дереве?
Options:
A. Да
B. Нет
C. 
D. 
Answer with only the correct option letter (A, B, C, or D).
  Model   : 'A'  →  predicted='A'
  Gold    : 'A'  |  ✓ CORRECT
MMMB ru baseline:  62%|██████████████▍        | 125/200 [01:27<00:53,  1.40it/s]
[DBG MMMB] ex=125  lang=ru  method=baseline
<PIL.Image.Image image mode=RGB size=512x384 at 0x7BE9920F0BF0>
  Q       : Это изображение описывает место патио?
Options:
A. Да
B. Нет
C. 
D. 
Answer with only the correct option letter (A, B, C, or D).
  Model   : 'A'  →  predicted='A'
  Gold    : 'B'  |  ✗ WRONG
MMMB ru baseline:  63%|██████████████▍        | 126/200 [01:27<00:50,  1.45it/s]
[DBG MMMB] ex=126  lang=ru  method=baseline
<PIL.Image.Image image mode=RGB size=384x512 at 0x7BE9920F1820>
  Q       : Это фото сделано в кофейне?
Options:
A. Да
B. Нет
C. 
D. 
Answer with only the correct option letter (A, B, C, or D).
  Model   : 'A'  →  predicted='A'
  Gold    : 'A'  |  ✓ CORRECT
MMMB ru baseline:  64%|██████████████▌        | 127/200 [01:28<00:49,  1.49it/s]
[DBG MMMB] ex=127  lang=ru  method=baseline
<PIL.Image.Image image mode=RGB size=384x512 at 0x7BE991EF8B90>
  Q       : Это фото сделано в холле у лифтов?
Options:
A. Да
B. Нет
C. 
D. 
Answer with only the correct option letter (A, B, C, or D).
  Model   : 'A'  →  predicted='A'
  Gold    : 'B'  |  ✗ WRONG
MMMB ru baseline:  64%|██████████████▋        | 128/200 [01:28<00:47,  1.52it/s]
[DBG MMMB] ex=128  lang=ru  method=baseline
<PIL.Image.Image image mode=RGB size=341x512 at 0x7BE9920F1C40>
  Q       : Это фото сделано в месте, где находятся небоскребы?
Options:
A. Да
B. Нет
C. 
D. 
Answer with only the correct option letter (A, B, C, or D).
  Model   : 'A'  →  predicted='A'
  Gold    : 'A'  |  ✓ CORRECT
MMMB ru baseline:  64%|██████████████▊        | 129/200 [01:29<00:48,  1.46it/s]
[DBG MMMB] ex=129  lang=ru  method=baseline
<PIL.Image.Image image mode=RGB size=341x512 at 0x7BE991940AD0>
  Q       : Это фото сделано в лиственном лесу?
Options:
A. Да
B. Нет
C. 
D. 
Answer with only the correct option letter (A, B, C, or D).
  Model   : 'B'  →  predicted='B'
  Gold    : 'B'  |  ✓ CORRECT
MMMB ru baseline:  65%|██████████████▉        | 130/200 [01:30<00:46,  1.50it/s]
[DBG MMMB] ex=130  lang=ru  method=baseline
<PIL.Image.Image image mode=RGB size=341x512 at 0x7BE991940AA0>
  Q       : Это изображение описывает место на улице?
Options:
A. Да
B. Нет
C. 
D. 
Answer with only the correct option letter (A, B, C, or D).
  Model   : 'A'  →  predicted='A'
  Gold    : 'A'  |  ✓ CORRECT
MMMB ru baseline:  66%|███████████████        | 131/200 [01:30<00:45,  1.53it/s]
[DBG MMMB] ex=131  lang=ru  method=baseline
<PIL.Image.Image image mode=RGB size=341x512 at 0x7BE991821AF0>
  Q       : Это изображение описывает поле для гольфа?
Options:
A. Да
B. Нет
C. 
D. 
Answer with only the correct option letter (A, B, C, or D).
  Model   : 'A'  →  predicted='A'
  Gold    : 'B'  |  ✗ WRONG
MMMB ru baseline:  66%|███████████████▏       | 132/200 [01:31<00:46,  1.47it/s]
[DBG MMMB] ex=132  lang=ru  method=baseline
<PIL.Image.Image image mode=RGB size=512x369 at 0x7BE991F3E540>
  Q       : Это фотография сделана в переулке?
Options:
A. Да
B. Нет
C. 
D. 
Answer with only the correct option letter (A, B, C, or D).
  Model   : 'A'  →  predicted='A'
  Gold    : 'A'  |  ✓ CORRECT
MMMB ru baseline:  66%|███████████████▎       | 133/200 [01:32<00:44,  1.51it/s]
[DBG MMMB] ex=133  lang=ru  method=baseline
<PIL.Image.Image image mode=RGB size=512x369 at 0x7BE9920F1C40>
  Q       : Этот снимок сделан в месте, где находится деревянная дорожка?
Options:
A. Да
B. Нет
C. 
D. 
Answer with only the correct option letter (A, B, C, or D).
  Model   : 'A'  →  predicted='A'
  Gold    : 'B'  |  ✗ WRONG
MMMB ru baseline:  67%|███████████████▍       | 134/200 [01:33<00:45,  1.45it/s]
[DBG MMMB] ex=134  lang=ru  method=baseline
<PIL.Image.Image image mode=RGB size=512x384 at 0x7BE9920F21B0>
  Q       : Это фото сделано в супермаркете?
Options:
A. Да
B. Нет
C. 
D. 
Answer with only the correct option letter (A, B, C, or D).
  Model   : 'A'  →  predicted='A'
  Gold    : 'A'  |  ✓ CORRECT
MMMB ru baseline:  68%|███████████████▌       | 135/200 [01:33<00:43,  1.49it/s]
[DBG MMMB] ex=135  lang=ru  method=baseline
<PIL.Image.Image image mode=RGB size=512x384 at 0x7BE991940AA0>
  Q       : Это фото сделано в месте у ручья?
Options:
A. Да
B. Нет
C. 
D. 
Answer with only the correct option letter (A, B, C, or D).
  Model   : 'A'  →  predicted='A'
  Gold    : 'B'  |  ✗ WRONG
MMMB ru baseline:  68%|███████████████▋       | 136/200 [01:34<00:42,  1.52it/s]
[DBG MMMB] ex=136  lang=ru  method=baseline
<PIL.Image.Image image mode=RGB size=512x410 at 0x7BE93413B380>
  Q       : Это фото сделано на арене хоккея?
Options:
A. Да
B. Нет
C. 
D. 
Answer with only the correct option letter (A, B, C, or D).
  Model   : 'A'  →  predicted='A'
  Gold    : 'A'  |  ✓ CORRECT
MMMB ru baseline:  68%|███████████████▊       | 137/200 [01:35<00:43,  1.46it/s]
[DBG MMMB] ex=137  lang=ru  method=baseline
<PIL.Image.Image image mode=RGB size=512x410 at 0x7BE93414C1A0>
  Q       : Этот снимок сделан на горнолыжном склоне?
Options:
A. Да
B. Нет
C. 
D. 
Answer with only the correct option letter (A, B, C, or D).
  Model   : 'A'  →  predicted='A'
  Gold    : 'B'  |  ✗ WRONG
MMMB ru baseline:  69%|███████████████▊       | 138/200 [01:35<00:43,  1.43it/s]
[DBG MMMB] ex=138  lang=ru  method=baseline
<PIL.Image.Image image mode=RGB size=344x512 at 0x7BE934112240>
  Q       : Это фото сделано в саду камней?
Options:
A. Да
B. Нет
C. 
D. 
Answer with only the correct option letter (A, B, C, or D).
  Model   : 'A'  →  predicted='A'
  Gold    : 'A'  |  ✓ CORRECT
MMMB ru baseline:  70%|███████████████▉       | 139/200 [01:36<00:41,  1.47it/s]
[DBG MMMB] ex=139  lang=ru  method=baseline
<PIL.Image.Image image mode=RGB size=344x512 at 0x7BE991F3D4C0>
  Q       : Это фотография сделана внутри базара?
Options:
A. Да
B. Нет
C. 
D. 
Answer with only the correct option letter (A, B, C, or D).
  Model   : 'A'  →  predicted='A'
  Gold    : 'B'  |  ✗ WRONG
MMMB ru baseline:  70%|████████████████       | 140/200 [01:37<00:41,  1.43it/s]
[DBG MMMB] ex=140  lang=ru  method=baseline
<PIL.Image.Image image mode=RGB size=512x339 at 0x7BE991EA5FD0>
  Q       : Это фотография сделана внутри библиотеки?
Options:
A. Да
B. Нет
C. 
D. 
Answer with only the correct option letter (A, B, C, or D).
  Model   : 'A'  →  predicted='A'
  Gold    : 'A'  |  ✓ CORRECT
MMMB ru baseline:  70%|████████████████▏      | 141/200 [01:37<00:42,  1.40it/s]
[DBG MMMB] ex=141  lang=ru  method=baseline
<PIL.Image.Image image mode=RGB size=512x339 at 0x7BE991EA73B0>
  Q       : Это фотография сделана в саду?
Options:
A. Да
B. Нет
C. 
D. 
Answer with only the correct option letter (A, B, C, or D).
  Model   : 'A'  →  predicted='A'
  Gold    : 'B'  |  ✗ WRONG
MMMB ru baseline:  71%|████████████████▎      | 142/200 [01:38<00:39,  1.46it/s]
[DBG MMMB] ex=142  lang=ru  method=baseline
<PIL.Image.Image image mode=RGB size=512x291 at 0x7BE991A6A660>
  Q       : Это фото сделано в помещении катка для фигурного катания?
Options:
A. Да
B. Нет
C. 
D. 
Answer with only the correct option letter (A, B, C, or D).
  Model   : 'A'  →  predicted='A'
  Gold    : 'A'  |  ✓ CORRECT
MMMB ru baseline:  72%|████████████████▍      | 143/200 [01:39<00:40,  1.42it/s]
[DBG MMMB] ex=143  lang=ru  method=baseline
<PIL.Image.Image image mode=RGB size=512x291 at 0x7BE991EA98E0>
  Q       : Это фото сделано на ветряной ферме?
Options:
A. Да
B. Нет
C. 
D. 
Answer with only the correct option letter (A, B, C, or D).
  Model   : 'A'  →  predicted='A'
  Gold    : 'B'  |  ✗ WRONG
MMMB ru baseline:  72%|████████████████▌      | 144/200 [01:40<00:40,  1.40it/s]
[DBG MMMB] ex=144  lang=ru  method=baseline
<PIL.Image.Image image mode=RGB size=512x341 at 0x7BE991F3D670>
  Q       : Это фото сделано на арене хоккея?
Options:
A. Да
B. Нет
C. 
D. 
Answer with only the correct option letter (A, B, C, or D).
  Model   : 'A'  →  predicted='A'
  Gold    : 'A'  |  ✓ CORRECT
MMMB ru baseline:  72%|████████████████▋      | 145/200 [01:40<00:39,  1.38it/s]
[DBG MMMB] ex=145  lang=ru  method=baseline
<PIL.Image.Image image mode=RGB size=512x341 at 0x7BE991A47A40>
  Q       : Это фото сделано на погрузочной платформе?
Options:
A. Да
B. Нет
C. 
D. 
Answer with only the correct option letter (A, B, C, or D).
  Model   : 'A'  →  predicted='A'
  Gold    : 'B'  |  ✗ WRONG
MMMB ru baseline:  73%|████████████████▊      | 146/200 [01:41<00:39,  1.37it/s]
[DBG MMMB] ex=146  lang=ru  method=baseline
<PIL.Image.Image image mode=RGB size=512x341 at 0x7BE991A6A660>
  Q       : Описывает ли это изображение место расположения шале?
Options:
A. Да
B. Нет
C. 
D. 
Answer with only the correct option letter (A, B, C, or D).
  Model   : 'A'  →  predicted='A'
  Gold    : 'A'  |  ✓ CORRECT
MMMB ru baseline:  74%|████████████████▉      | 147/200 [01:42<00:38,  1.36it/s]
[DBG MMMB] ex=147  lang=ru  method=baseline
<PIL.Image.Image image mode=RGB size=512x341 at 0x7BE991F500B0>
  Q       : Описывает ли это изображение место с башней?
Options:
A. Да
B. Нет
C. 
D. 
Answer with only the correct option letter (A, B, C, or D).
  Model   : 'A'  →  predicted='A'
  Gold    : 'B'  |  ✗ WRONG
MMMB ru baseline:  74%|█████████████████      | 148/200 [01:43<00:38,  1.35it/s]
[DBG MMMB] ex=148  lang=ru  method=baseline
<PIL.Image.Image image mode=RGB size=512x341 at 0x7BE991F505C0>
  Q       : Это изображение описывает спальню?
Options:
A. Да
B. Нет
C. 
D. 
Answer with only the correct option letter (A, B, C, or D).
  Model   : 'A'  →  predicted='A'
  Gold    : 'A'  |  ✓ CORRECT
MMMB ru baseline:  74%|█████████████████▏     | 149/200 [01:43<00:35,  1.42it/s]
[DBG MMMB] ex=149  lang=ru  method=baseline
<PIL.Image.Image image mode=RGB size=512x341 at 0x7BE992041910>
  Q       : Это изображение описывает место музыкальной студии?
Options:
A. Да
B. Нет
C. 
D. 
Answer with only the correct option letter (A, B, C, or D).
  Model   : 'A'  →  predicted='A'
  Gold    : 'B'  |  ✗ WRONG
MMMB ru baseline:  75%|█████████████████▎     | 150/200 [01:44<00:35,  1.39it/s]
[DBG MMMB] ex=150  lang=ru  method=baseline
<PIL.Image.Image image mode=RGB size=512x384 at 0x7BE991F503E0>
  Q       : Этот снимок сделан в ботаническом саду?
Options:
A. Да
B. Нет
C. 
D. 
Answer with only the correct option letter (A, B, C, or D).
  Model   : 'A'  →  predicted='A'
  Gold    : 'A'  |  ✓ CORRECT
MMMB ru baseline:  76%|█████████████████▎     | 151/200 [01:45<00:35,  1.37it/s]
[DBG MMMB] ex=151  lang=ru  method=baseline
<PIL.Image.Image image mode=RGB size=512x384 at 0x7BE991F3EC90>
  Q       : Это фото сделано в зале законодательного собрания?
Options:
A. Да
B. Нет
C. 
D. 
Answer with only the correct option letter (A, B, C, or D).
  Model   : 'B'  →  predicted='B'
  Gold    : 'B'  |  ✓ CORRECT
MMMB ru baseline:  76%|█████████████████▍     | 152/200 [01:45<00:35,  1.36it/s]
[DBG MMMB] ex=152  lang=ru  method=baseline
<PIL.Image.Image image mode=RGB size=384x512 at 0x7BE991F3E570>
  Q       : Это изображение сделано на кухне галеры?
Options:
A. Да
B. Нет
C. 
D. 
Answer with only the correct option letter (A, B, C, or D).
  Model   : 'A'  →  predicted='A'
  Gold    : 'A'  |  ✓ CORRECT
MMMB ru baseline:  76%|█████████████████▌     | 153/200 [01:46<00:34,  1.35it/s]
[DBG MMMB] ex=153  lang=ru  method=baseline
<PIL.Image.Image image mode=RGB size=384x512 at 0x7BE991F3EC90>
  Q       : Это изображение сделано в физической лаборатории?
Options:
A. Да
B. Нет
C. 
D. 
Answer with only the correct option letter (A, B, C, or D).
  Model   : 'A'  →  predicted='A'
  Gold    : 'B'  |  ✗ WRONG
MMMB ru baseline:  77%|█████████████████▋     | 154/200 [01:47<00:33,  1.35it/s]
[DBG MMMB] ex=154  lang=ru  method=baseline
<PIL.Image.Image image mode=RGB size=512x295 at 0x7BE991EA5250>
  Q       : Это изображение описывает место отделения универмага?
Options:
A. Да
B. Нет
C. 
D. 
Answer with only the correct option letter (A, B, C, or D).
  Model   : 'A'  →  predicted='A'
  Gold    : 'A'  |  ✓ CORRECT
MMMB ru baseline:  78%|█████████████████▊     | 155/200 [01:48<00:33,  1.35it/s]
[DBG MMMB] ex=155  lang=ru  method=baseline
<PIL.Image.Image image mode=RGB size=512x295 at 0x7BE991F3C200>
  Q       : Это изображение описывает место с висячим мостом?
Options:
A. Да
B. Нет
C. 
D. 
Answer with only the correct option letter (A, B, C, or D).
  Model   : 'A'  →  predicted='A'
  Gold    : 'B'  |  ✗ WRONG
MMMB ru baseline:  78%|█████████████████▉     | 156/200 [01:48<00:32,  1.35it/s]
[DBG MMMB] ex=156  lang=ru  method=baseline
<PIL.Image.Image image mode=RGB size=512x384 at 0x7BE99205EF90>
  Q       : Это фото сделано в школе?
Options:
A. Да
B. Нет
C. 
D. 
Answer with only the correct option letter (A, B, C, or D).
  Model   : 'A'  →  predicted='A'
  Gold    : 'A'  |  ✓ CORRECT
MMMB ru baseline:  78%|██████████████████     | 157/200 [01:49<00:30,  1.42it/s]
[DBG MMMB] ex=157  lang=ru  method=baseline
<PIL.Image.Image image mode=RGB size=512x384 at 0x7BE991F3E570>
  Q       : Это фото сделано на улице у ангара?
Options:
A. Да
B. Нет
C. 
D. 
Answer with only the correct option letter (A, B, C, or D).
  Model   : 'A'  →  predicted='A'
  Gold    : 'B'  |  ✗ WRONG
MMMB ru baseline:  79%|██████████████████▏    | 158/200 [01:50<00:28,  1.47it/s]
[DBG MMMB] ex=158  lang=ru  method=baseline
<PIL.Image.Image image mode=RGB size=336x512 at 0x7BE991FE32C0>
  Q       : Этот снимок сделан в публичном атриуме?
Options:
A. Да
B. Нет
C. 
D. 
Answer with only the correct option letter (A, B, C, or D).
  Model   : 'A'  →  predicted='A'
  Gold    : 'A'  |  ✓ CORRECT
MMMB ru baseline:  80%|██████████████████▎    | 159/200 [01:50<00:28,  1.43it/s]
[DBG MMMB] ex=159  lang=ru  method=baseline
<PIL.Image.Image image mode=RGB size=336x512 at 0x7BE934151250>
  Q       : Это фото сделано на платформе станции метро?
Options:
A. Да
B. Нет
C. 
D. 
Answer with only the correct option letter (A, B, C, or D).
  Model   : 'A'  →  predicted='A'
  Gold    : 'B'  |  ✗ WRONG
MMMB ru baseline:  80%|██████████████████▍    | 160/200 [01:51<00:28,  1.40it/s]
[DBG MMMB] ex=160  lang=ru  method=baseline
<PIL.Image.Image image mode=RGB size=512x384 at 0x7BE991EA7980>
  Q       : Это фото сделано на плотине?
Options:
A. Да
B. Нет
C. 
D. 
Answer with only the correct option letter (A, B, C, or D).
  Model   : 'A'  →  predicted='A'
  Gold    : 'A'  |  ✓ CORRECT
MMMB ru baseline:  80%|██████████████████▌    | 161/200 [01:52<00:26,  1.45it/s]
[DBG MMMB] ex=161  lang=ru  method=baseline
<PIL.Image.Image image mode=RGB size=512x384 at 0x7BE991FE10D0>
  Q       : Это фото сделано в помещении катка для фигурного катания?
Options:
A. Да
B. Нет
C. 
D. 
Answer with only the correct option letter (A, B, C, or D).
  Model   : 'A'  →  predicted='A'
  Gold    : 'B'  |  ✗ WRONG
MMMB ru baseline:  81%|██████████████████▋    | 162/200 [01:52<00:26,  1.42it/s]
[DBG MMMB] ex=162  lang=ru  method=baseline
<PIL.Image.Image image mode=RGB size=512x335 at 0x7BE934153350>
  Q       : Это изображение описывает место военной базы?
Options:
A. Да
B. Нет
C. 
D. 
Answer with only the correct option letter (A, B, C, or D).
  Model   : 'A'  →  predicted='A'
  Gold    : 'A'  |  ✓ CORRECT
MMMB ru baseline:  82%|██████████████████▋    | 163/200 [01:53<00:26,  1.40it/s]
[DBG MMMB] ex=163  lang=ru  method=baseline
<PIL.Image.Image image mode=RGB size=512x335 at 0x7BE934152D80>
  Q       : Описывает ли это изображение платформу железнодорожной станции?
Options:
A. Да
B. Нет
C. 
D. 
Answer with only the correct option letter (A, B, C, or D).
  Model   : 'B'  →  predicted='B'
  Gold    : 'B'  |  ✓ CORRECT
MMMB ru baseline:  82%|██████████████████▊    | 164/200 [01:54<00:26,  1.38it/s]
[DBG MMMB] ex=164  lang=ru  method=baseline
<PIL.Image.Image image mode=RGB size=512x384 at 0x7BE991FE3950>
  Q       : Описывает ли это изображение место заправочной станции?
Options:
A. Да
B. Нет
C. 
D. 
Answer with only the correct option letter (A, B, C, or D).
  Model   : 'A'  →  predicted='A'
  Gold    : 'A'  |  ✓ CORRECT
MMMB ru baseline:  82%|██████████████████▉    | 165/200 [01:55<00:25,  1.37it/s]
[DBG MMMB] ex=165  lang=ru  method=baseline
<PIL.Image.Image image mode=RGB size=512x384 at 0x7BE934110050>
  Q       : Это изображение описывает внешний вид дверного проема?
Options:
A. Да
B. Нет
C. 
D. 
Answer with only the correct option letter (A, B, C, or D).
  Model   : 'A'  →  predicted='A'
  Gold    : 'B'  |  ✗ WRONG
MMMB ru baseline:  83%|███████████████████    | 166/200 [01:55<00:24,  1.37it/s]
[DBG MMMB] ex=166  lang=ru  method=baseline
<PIL.Image.Image image mode=RGB size=341x512 at 0x7BE992034770>
  Q       : Оп
Options:
A. Да
B. Нет
C. 
D. 
Answer with only the correct option letter (A, B, C, or D).
  Model   : 'A'  →  predicted='A'
  Gold    : 'A'  |  ✓ CORRECT
MMMB ru baseline:  84%|███████████████████▏   | 167/200 [01:56<00:23,  1.43it/s]
[DBG MMMB] ex=167  lang=ru  method=baseline
<PIL.Image.Image image mode=RGB size=341x512 at 0x7BE934110E00>
  Q       : Описывает ли это изображение поле кукурузы?
Options:
A. Да
B. Нет
C. 
D. 
Answer with only the correct option letter (A, B, C, or D).
  Model   : 'A'  →  predicted='A'
  Gold    : 'B'  |  ✗ WRONG
MMMB ru baseline:  84%|███████████████████▎   | 168/200 [01:57<00:22,  1.40it/s]
[DBG MMMB] ex=168  lang=ru  method=baseline
<PIL.Image.Image image mode=RGB size=512x384 at 0x7BE991FE3950>
  Q       : Это изображение описывает место биологической лаборатории?
Options:
A. Да
B. Нет
C. 
D. 
Answer with only the correct option letter (A, B, C, or D).
  Model   : 'A'  →  predicted='A'
  Gold    : 'A'  |  ✓ CORRECT
MMMB ru baseline:  84%|███████████████████▍   | 169/200 [01:58<00:22,  1.38it/s]
[DBG MMMB] ex=169  lang=ru  method=baseline
<PIL.Image.Image image mode=RGB size=512x384 at 0x7BE991EA7440>
  Q       : Это изображение описывает место кондитерского магазина?
Options:
A. Да
B. Нет
C. 
D. 
Answer with only the correct option letter (A, B, C, or D).
  Model   : 'A'  →  predicted='A'
  Gold    : 'B'  |  ✗ WRONG
MMMB ru baseline:  85%|███████████████████▌   | 170/200 [01:58<00:22,  1.36it/s]
[DBG MMMB] ex=170  lang=ru  method=baseline
<PIL.Image.Image image mode=RGB size=512x384 at 0x7BE991A4D6A0>
  Q       : Описывает ли это изображение место для кладовой?
Options:
A. Да
B. Нет
C. 
D. 
Answer with only the correct option letter (A, B, C, or D).
  Model   : 'A'  →  predicted='A'
  Gold    : 'A'  |  ✓ CORRECT
MMMB ru baseline:  86%|███████████████████▋   | 171/200 [01:59<00:21,  1.36it/s]
[DBG MMMB] ex=171  lang=ru  method=baseline
<PIL.Image.Image image mode=RGB size=512x384 at 0x7BE934178D40>
  Q       : Это изображение описывает место с маяком?
Options:
A. Да
B. Нет
C. 
D. 
Answer with only the correct option letter (A, B, C, or D).
  Model   : 'A'  →  predicted='A'
  Gold    : 'B'  |  ✗ WRONG
MMMB ru baseline:  86%|███████████████████▊   | 172/200 [02:00<00:19,  1.42it/s]
[DBG MMMB] ex=172  lang=ru  method=baseline
<PIL.Image.Image image mode=RGB size=512x341 at 0x7BE991F756D0>
  Q       : Это изображение сделано в парнике в помещении?
Options:
A. Да
B. Нет
C. 
D. 
Answer with only the correct option letter (A, B, C, or D).
  Model   : 'A'  →  predicted='A'
  Gold    : 'A'  |  ✓ CORRECT
MMMB ru baseline:  86%|███████████████████▉   | 173/200 [02:00<00:19,  1.40it/s]
[DBG MMMB] ex=173  lang=ru  method=baseline
<PIL.Image.Image image mode=RGB size=512x341 at 0x7BE93417A8A0>
  Q       : Это фото сделано на пастбище?
Options:
A. Да
B. Нет
C. 
D. 
Answer with only the correct option letter (A, B, C, or D).
  Model   : 'A'  →  predicted='A'
  Gold    : 'B'  |  ✗ WRONG
MMMB ru baseline:  87%|████████████████████   | 174/200 [02:01<00:17,  1.45it/s]
[DBG MMMB] ex=174  lang=ru  method=baseline
<PIL.Image.Image image mode=RGB size=341x512 at 0x7BE93417A930>
  Q       : Это фото сделано в касбе?
Options:
A. Да
B. Нет
C. 
D. 
Answer with only the correct option letter (A, B, C, or D).
  Model   : 'A'  →  predicted='A'
  Gold    : 'A'  |  ✓ CORRECT
MMMB ru baseline:  88%|████████████████████▏  | 175/200 [02:02<00:16,  1.49it/s]
[DBG MMMB] ex=175  lang=ru  method=baseline
<PIL.Image.Image image mode=RGB size=341x512 at 0x7BE991EA4590>
  Q       : Это фото сделано в месте для купания?
Options:
A. Да
B. Нет
C. 
D. 
Answer with only the correct option letter (A, B, C, or D).
  Model   : 'A'  →  predicted='A'
  Gold    : 'B'  |  ✗ WRONG
MMMB ru baseline:  88%|████████████████████▏  | 176/200 [02:02<00:15,  1.52it/s]
[DBG MMMB] ex=176  lang=ru  method=baseline
<PIL.Image.Image image mode=RGB size=512x341 at 0x7BE991EA6840>
  Q       : Это изображение сделано в мавзолее?
Options:
A. Да
B. Нет
C. 
D. 
Answer with only the correct option letter (A, B, C, or D).
  Model   : 'A'  →  predicted='A'
  Gold    : 'A'  |  ✓ CORRECT
MMMB ru baseline:  88%|████████████████████▎  | 177/200 [02:03<00:14,  1.55it/s]
[DBG MMMB] ex=177  lang=ru  method=baseline
<PIL.Image.Image image mode=RGB size=512x341 at 0x7BE9919A8110>
  Q       : Эта фотография сделана в месте, похожем на альков?
Options:
A. Да
B. Нет
C. 
D. 
Answer with only the correct option letter (A, B, C, or D).
  Model   : 'A'  →  predicted='A'
  Gold    : 'B'  |  ✗ WRONG
MMMB ru baseline:  89%|████████████████████▍  | 178/200 [02:04<00:14,  1.47it/s]
[DBG MMMB] ex=178  lang=ru  method=baseline
<PIL.Image.Image image mode=RGB size=512x384 at 0x7BE991F76990>
  Q       : Это фото сделано внутри кабинки?
Options:
A. Да
B. Нет
C. 
D. 
Answer with only the correct option letter (A, B, C, or D).
  Model   : 'A'  →  predicted='A'
  Gold    : 'A'  |  ✓ CORRECT
MMMB ru baseline:  90%|████████████████████▌  | 179/200 [02:04<00:13,  1.51it/s]
[DBG MMMB] ex=179  lang=ru  method=baseline
<PIL.Image.Image image mode=RGB size=512x384 at 0x7BE991EA4590>
  Q       : Это фотография сделана внутри базара?
Options:
A. Да
B. Нет
C. 
D. 
Answer with only the correct option letter (A, B, C, or D).
  Model   : 'A'  →  predicted='A'
  Gold    : 'B'  |  ✗ WRONG
MMMB ru baseline:  90%|████████████████████▋  | 180/200 [02:05<00:13,  1.45it/s]
[DBG MMMB] ex=180  lang=ru  method=baseline
<PIL.Image.Image image mode=RGB size=512x384 at 0x7BE991EA6840>
  Q       : Это фото сделано в молодежном хостеле?
Options:
A. Да
B. Нет
C. 
D. 
Answer with only the correct option letter (A, B, C, or D).
  Model   : 'A'  →  predicted='A'
  Gold    : 'A'  |  ✓ CORRECT
MMMB ru baseline:  90%|████████████████████▊  | 181/200 [02:06<00:13,  1.42it/s]
[DBG MMMB] ex=181  lang=ru  method=baseline
<PIL.Image.Image image mode=RGB size=512x384 at 0x7BE991F3E300>
  Q       : Это фото сделано на свалке?
Options:
A. Да
B. Нет
C. 
D. 
Answer with only the correct option letter (A, B, C, or D).
  Model   : 'A'  →  predicted='A'
  Gold    : 'B'  |  ✗ WRONG
MMMB ru baseline:  91%|████████████████████▉  | 182/200 [02:06<00:12,  1.47it/s]
[DBG MMMB] ex=182  lang=ru  method=baseline
<PIL.Image.Image image mode=RGB size=343x512 at 0x7BE991EA45C0>
  Q       : Описывает ли это изображение путь эвакуации в случае пожара?
Options:
A. Да
B. Нет
C. 
D. 
Answer with only the correct option letter (A, B, C, or D).
  Model   : 'A'  →  predicted='A'
  Gold    : 'A'  |  ✓ CORRECT
MMMB ru baseline:  92%|█████████████████████  | 183/200 [02:07<00:11,  1.42it/s]
[DBG MMMB] ex=183  lang=ru  method=baseline
<PIL.Image.Image image mode=RGB size=343x512 at 0x7BE991A4E2A0>
  Q       : Это изображение описывает игровую комнату?
Options:
A. Да
B. Нет
C. 
D. 
Answer with only the correct option letter (A, B, C, or D).
  Model   : 'A'  →  predicted='A'
  Gold    : 'B'  |  ✗ WRONG
MMMB ru baseline:  92%|█████████████████████▏ | 184/200 [02:08<00:11,  1.39it/s]
[DBG MMMB] ex=184  lang=ru  method=baseline
<PIL.Image.Image image mode=RGB size=512x341 at 0x7BE991A45400>
  Q       : Эта фотография сделана на рисовой плантации?
Options:
A. Да
B. Нет
C. 
D. 
Answer with only the correct option letter (A, B, C, or D).
  Model   : 'A'  →  predicted='A'
  Gold    : 'A'  |  ✓ CORRECT
MMMB ru baseline:  92%|█████████████████████▎ | 185/200 [02:09<00:11,  1.36it/s]
[DBG MMMB] ex=185  lang=ru  method=baseline
<PIL.Image.Image image mode=RGB size=512x341 at 0x7BE991F74200>
  Q       : Это фото сделано внутри автобусной станции?
Options:
A. Да
B. Нет
C. 
D. 
Answer with only the correct option letter (A, B, C, or D).
  Model   : 'A'  →  predicted='A'
  Gold    : 'B'  |  ✗ WRONG
MMMB ru baseline:  93%|█████████████████████▍ | 186/200 [02:09<00:10,  1.36it/s]
[DBG MMMB] ex=186  lang=ru  method=baseline
<PIL.Image.Image image mode=RGB size=512x334 at 0x7BE991FFCB90>
  Q       : Это фото сделано в мавзолее?
Options:
A. Да
B. Нет
C. 
D. 
Answer with only the correct option letter (A, B, C, or D).
  Model   : 'A'  →  predicted='A'
  Gold    : 'A'  |  ✓ CORRECT
MMMB ru baseline:  94%|█████████████████████▌ | 187/200 [02:10<00:09,  1.42it/s]
[DBG MMMB] ex=187  lang=ru  method=baseline
<PIL.Image.Image image mode=RGB size=512x334 at 0x7BE991FFEF30>
  Q       : Это фото сделано на платформе вокзала?
Options:
A. Да
B. Нет
C. 
D. 
Answer with only the correct option letter (A, B, C, or D).
  Model   : 'A'  →  predicted='A'
  Gold    : 'B'  |  ✗ WRONG
MMMB ru baseline:  94%|█████████████████████▌ | 188/200 [02:11<00:08,  1.40it/s]
[DBG MMMB] ex=188  lang=ru  method=baseline
<PIL.Image.Image image mode=RGB size=341x512 at 0x7BE991F74200>
  Q       : Это фото сделано в прихожей?
Options:
A. Да
B. Нет
C. 
D. 
Answer with only the correct option letter (A, B, C, or D).
  Model   : 'A'  →  predicted='A'
  Gold    : 'A'  |  ✓ CORRECT
MMMB ru baseline:  94%|█████████████████████▋ | 189/200 [02:11<00:07,  1.45it/s]
[DBG MMMB] ex=189  lang=ru  method=baseline
<PIL.Image.Image image mode=RGB size=341x512 at 0x7BE99202DDC0>
  Q       : Это фото сделано в жилом районе?
Options:
A. Да
B. Нет
C. 
D. 
Answer with only the correct option letter (A, B, C, or D).
  Model   : 'A'  →  predicted='A'
  Gold    : 'B'  |  ✗ WRONG
MMMB ru baseline:  95%|█████████████████████▊ | 190/200 [02:12<00:06,  1.49it/s]
[DBG MMMB] ex=190  lang=ru  method=baseline
<PIL.Image.Image image mode=RGB size=512x340 at 0x7BE991FFE150>
  Q       : Это фото сделано в пекарне?
Options:
A. Да
B. Нет
C. 
D. 
Answer with only the correct option letter (A, B, C, or D).
  Model   : 'A'  →  predicted='A'
  Gold    : 'A'  |  ✓ CORRECT
MMMB ru baseline:  96%|█████████████████████▉ | 191/200 [02:13<00:05,  1.52it/s]
[DBG MMMB] ex=191  lang=ru  method=baseline
<PIL.Image.Image image mode=RGB size=512x340 at 0x7BE99202FEF0>
  Q       : Это фото сделано у входа на улице?
Options:
A. Да
B. Нет
C. 
D. 
Answer with only the correct option letter (A, B, C, or D).
  Model   : 'A'  →  predicted='A'
  Gold    : 'B'  |  ✗ WRONG
MMMB ru baseline:  96%|██████████████████████ | 192/200 [02:13<00:05,  1.54it/s]
[DBG MMMB] ex=192  lang=ru  method=baseline
<PIL.Image.Image image mode=RGB size=512x340 at 0x7BE991FCD6D0>
  Q       : Это изображение описывает место с эскалатором внутри помещения?
Options:
A. Да
B. Нет
C. 
D. 
Answer with only the correct option letter (A, B, C, or D).
  Model   : 'A'  →  predicted='A'
  Gold    : 'A'  |  ✓ CORRECT
MMMB ru baseline:  96%|██████████████████████▏| 193/200 [02:14<00:04,  1.47it/s]
[DBG MMMB] ex=193  lang=ru  method=baseline
<PIL.Image.Image image mode=RGB size=512x340 at 0x7BE991A69670>
  Q       : Это изображение описывает место ледяной полки?
Options:
A. Да
B. Нет
C. 
D. 
Answer with only the correct option letter (A, B, C, or D).
  Model   : 'A'  →  predicted='A'
  Gold    : 'B'  |  ✗ WRONG
MMMB ru baseline:  97%|██████████████████████▎| 194/200 [02:15<00:04,  1.43it/s]
[DBG MMMB] ex=194  lang=ru  method=baseline
<PIL.Image.Image image mode=RGB size=512x341 at 0x7BE99202E870>
  Q       : Это изображение сделано в шахте лифта?
Options:
A. Да
B. Нет
C. 
D. 
Answer with only the correct option letter (A, B, C, or D).
  Model   : 'A'  →  predicted='A'
  Gold    : 'A'  |  ✓ CORRECT
MMMB ru baseline:  98%|██████████████████████▍| 195/200 [02:16<00:03,  1.40it/s]
[DBG MMMB] ex=195  lang=ru  method=baseline
<PIL.Image.Image image mode=RGB size=512x341 at 0x7BE991EA7080>
  Q       : Это изображение сделано в месте пожарной эвакуации?
Options:
A. Да
B. Нет
C. 
D. 
Answer with only the correct option letter (A, B, C, or D).
  Model   : 'A'  →  predicted='A'
  Gold    : 'B'  |  ✗ WRONG
MMMB ru baseline:  98%|██████████████████████▌| 196/200 [02:16<00:02,  1.38it/s]
[DBG MMMB] ex=196  lang=ru  method=baseline
<PIL.Image.Image image mode=RGB size=512x384 at 0x7BE991A68BF0>
  Q       : Это фото сделано в промышленной зоне?
Options:
A. Да
B. Нет
C. 
D. 
Answer with only the correct option letter (A, B, C, or D).
  Model   : 'A'  →  predicted='A'
  Gold    : 'A'  |  ✓ CORRECT
MMMB ru baseline:  98%|██████████████████████▋| 197/200 [02:17<00:02,  1.44it/s]
[DBG MMMB] ex=197  lang=ru  method=baseline
<PIL.Image.Image image mode=RGB size=512x384 at 0x7BE991A680B0>
  Q       : Это фото сделано в ботаническом саду?
Options:
A. Да
B. Нет
C. 
D. 
Answer with only the correct option letter (A, B, C, or D).
  Model   : 'A'  →  predicted='A'
  Gold    : 'B'  |  ✗ WRONG
MMMB ru baseline:  99%|██████████████████████▊| 198/200 [02:18<00:01,  1.49it/s]
[DBG MMMB] ex=198  lang=ru  method=baseline
<PIL.Image.Image image mode=RGB size=512x384 at 0x7BE99202E870>
  Q       : Это фото сделано в помещении с эскалатором?
Options:
A. Да
B. Нет
C. 
D. 
Answer with only the correct option letter (A, B, C, or D).
  Model   : 'A'  →  predicted='A'
  Gold    : 'A'  |  ✓ CORRECT
MMMB ru baseline: 100%|██████████████████████▉| 199/200 [02:18<00:00,  1.44it/s]
[DBG MMMB] ex=199  lang=ru  method=baseline
<PIL.Image.Image image mode=RGB size=512x384 at 0x7BE991BEDC70>
  Q       : Это фото сделано в кофейне?
Options:
A. Да
B. Нет
C. 
D. 
Answer with only the correct option letter (A, B, C, or D).
  Model   : 'A'  →  predicted='A'
  Gold    : 'B'  |  ✗ WRONG
MMMB ru baseline: 100%|███████████████████████| 200/200 [02:19<00:00,  1.43it/s]
  outputs/eval_results/results_mmmb_ru_baseline.json: accuracy=0.515
MMMB ru steered_a0.01:   0%|                            | 0/200 [00:00<?, ?it/s]
[DBG MMMB] ex=0  lang=ru  method=steered_a0.01
<PIL.Image.Image image mode=RGB size=512x452 at 0x7BE991C322D0>
  Q       : Обычно ли фрукт на картинке сладкий?
Options:
A. Да
B. Нет
C. 
D. 
Answer with only the correct option letter (A, B, C, or D).
  Model   : 'A'  →  predicted='A'
  Gold    : 'A'  |  ✓ CORRECT